Archive member included to satisfy reference by file (symbol)

/opt/Atollic_TrueSTUDIO_for_STM32_x86_64_9.1.0/ARMTools/bin/../lib/gcc/arm-atollic-eabi/6.3.1/../../../../arm-atollic-eabi/lib/armv7e-m/fpu/fpv5-d16/libc_nano.a(lib_a-init.o)
                              startup/startup_stm32f767xx.o (__libc_init_array)
/opt/Atollic_TrueSTUDIO_for_STM32_x86_64_9.1.0/ARMTools/bin/../lib/gcc/arm-atollic-eabi/6.3.1/../../../../arm-atollic-eabi/lib/armv7e-m/fpu/fpv5-d16/libc_nano.a(lib_a-printf.o)
                              Src/main.o (printf)
/opt/Atollic_TrueSTUDIO_for_STM32_x86_64_9.1.0/ARMTools/bin/../lib/gcc/arm-atollic-eabi/6.3.1/../../../../arm-atollic-eabi/lib/armv7e-m/fpu/fpv5-d16/libc_nano.a(lib_a-findfp.o)
                              /opt/Atollic_TrueSTUDIO_for_STM32_x86_64_9.1.0/ARMTools/bin/../lib/gcc/arm-atollic-eabi/6.3.1/../../../../arm-atollic-eabi/lib/armv7e-m/fpu/fpv5-d16/libc_nano.a(lib_a-printf.o) (__sinit)
/opt/Atollic_TrueSTUDIO_for_STM32_x86_64_9.1.0/ARMTools/bin/../lib/gcc/arm-atollic-eabi/6.3.1/../../../../arm-atollic-eabi/lib/armv7e-m/fpu/fpv5-d16/libc_nano.a(lib_a-fwalk.o)
                              /opt/Atollic_TrueSTUDIO_for_STM32_x86_64_9.1.0/ARMTools/bin/../lib/gcc/arm-atollic-eabi/6.3.1/../../../../arm-atollic-eabi/lib/armv7e-m/fpu/fpv5-d16/libc_nano.a(lib_a-findfp.o) (_fwalk)
/opt/Atollic_TrueSTUDIO_for_STM32_x86_64_9.1.0/ARMTools/bin/../lib/gcc/arm-atollic-eabi/6.3.1/../../../../arm-atollic-eabi/lib/armv7e-m/fpu/fpv5-d16/libc_nano.a(lib_a-impure.o)
                              /opt/Atollic_TrueSTUDIO_for_STM32_x86_64_9.1.0/ARMTools/bin/../lib/gcc/arm-atollic-eabi/6.3.1/../../../../arm-atollic-eabi/lib/armv7e-m/fpu/fpv5-d16/libc_nano.a(lib_a-findfp.o) (_global_impure_ptr)
/opt/Atollic_TrueSTUDIO_for_STM32_x86_64_9.1.0/ARMTools/bin/../lib/gcc/arm-atollic-eabi/6.3.1/../../../../arm-atollic-eabi/lib/armv7e-m/fpu/fpv5-d16/libc_nano.a(lib_a-memset.o)
                              /opt/Atollic_TrueSTUDIO_for_STM32_x86_64_9.1.0/ARMTools/bin/../lib/gcc/arm-atollic-eabi/6.3.1/../../../../arm-atollic-eabi/lib/armv7e-m/fpu/fpv5-d16/libc_nano.a(lib_a-findfp.o) (memset)
/opt/Atollic_TrueSTUDIO_for_STM32_x86_64_9.1.0/ARMTools/bin/../lib/gcc/arm-atollic-eabi/6.3.1/../../../../arm-atollic-eabi/lib/armv7e-m/fpu/fpv5-d16/libc_nano.a(lib_a-nano-mallocr.o)
                              /opt/Atollic_TrueSTUDIO_for_STM32_x86_64_9.1.0/ARMTools/bin/../lib/gcc/arm-atollic-eabi/6.3.1/../../../../arm-atollic-eabi/lib/armv7e-m/fpu/fpv5-d16/libc_nano.a(lib_a-findfp.o) (_malloc_r)
/opt/Atollic_TrueSTUDIO_for_STM32_x86_64_9.1.0/ARMTools/bin/../lib/gcc/arm-atollic-eabi/6.3.1/../../../../arm-atollic-eabi/lib/armv7e-m/fpu/fpv5-d16/libc_nano.a(lib_a-nano-vfprintf.o)
                              /opt/Atollic_TrueSTUDIO_for_STM32_x86_64_9.1.0/ARMTools/bin/../lib/gcc/arm-atollic-eabi/6.3.1/../../../../arm-atollic-eabi/lib/armv7e-m/fpu/fpv5-d16/libc_nano.a(lib_a-printf.o) (_vfprintf_r)
/opt/Atollic_TrueSTUDIO_for_STM32_x86_64_9.1.0/ARMTools/bin/../lib/gcc/arm-atollic-eabi/6.3.1/../../../../arm-atollic-eabi/lib/armv7e-m/fpu/fpv5-d16/libc_nano.a(lib_a-nano-vfprintf_i.o)
                              /opt/Atollic_TrueSTUDIO_for_STM32_x86_64_9.1.0/ARMTools/bin/../lib/gcc/arm-atollic-eabi/6.3.1/../../../../arm-atollic-eabi/lib/armv7e-m/fpu/fpv5-d16/libc_nano.a(lib_a-nano-vfprintf.o) (_printf_i)
/opt/Atollic_TrueSTUDIO_for_STM32_x86_64_9.1.0/ARMTools/bin/../lib/gcc/arm-atollic-eabi/6.3.1/../../../../arm-atollic-eabi/lib/armv7e-m/fpu/fpv5-d16/libc_nano.a(lib_a-sbrkr.o)
                              /opt/Atollic_TrueSTUDIO_for_STM32_x86_64_9.1.0/ARMTools/bin/../lib/gcc/arm-atollic-eabi/6.3.1/../../../../arm-atollic-eabi/lib/armv7e-m/fpu/fpv5-d16/libc_nano.a(lib_a-nano-mallocr.o) (_sbrk_r)
/opt/Atollic_TrueSTUDIO_for_STM32_x86_64_9.1.0/ARMTools/bin/../lib/gcc/arm-atollic-eabi/6.3.1/../../../../arm-atollic-eabi/lib/armv7e-m/fpu/fpv5-d16/libc_nano.a(lib_a-stdio.o)
                              /opt/Atollic_TrueSTUDIO_for_STM32_x86_64_9.1.0/ARMTools/bin/../lib/gcc/arm-atollic-eabi/6.3.1/../../../../arm-atollic-eabi/lib/armv7e-m/fpu/fpv5-d16/libc_nano.a(lib_a-findfp.o) (__sread)
/opt/Atollic_TrueSTUDIO_for_STM32_x86_64_9.1.0/ARMTools/bin/../lib/gcc/arm-atollic-eabi/6.3.1/../../../../arm-atollic-eabi/lib/armv7e-m/fpu/fpv5-d16/libc_nano.a(lib_a-wbuf.o)
                              /opt/Atollic_TrueSTUDIO_for_STM32_x86_64_9.1.0/ARMTools/bin/../lib/gcc/arm-atollic-eabi/6.3.1/../../../../arm-atollic-eabi/lib/armv7e-m/fpu/fpv5-d16/libc_nano.a(lib_a-nano-vfprintf.o) (__swbuf_r)
/opt/Atollic_TrueSTUDIO_for_STM32_x86_64_9.1.0/ARMTools/bin/../lib/gcc/arm-atollic-eabi/6.3.1/../../../../arm-atollic-eabi/lib/armv7e-m/fpu/fpv5-d16/libc_nano.a(lib_a-writer.o)
                              /opt/Atollic_TrueSTUDIO_for_STM32_x86_64_9.1.0/ARMTools/bin/../lib/gcc/arm-atollic-eabi/6.3.1/../../../../arm-atollic-eabi/lib/armv7e-m/fpu/fpv5-d16/libc_nano.a(lib_a-stdio.o) (_write_r)
[...]
Memory Configuration

Name             Origin             Length             Attributes
RAM              0x0000000020000000 0x0000000000080000 xrw
FLASH            0x0000000008000000 0x0000000000200000 xr
*default*        0x0000000000000000 0xffffffffffffffff

Linker script and memory map

LOAD /opt/Atollic_TrueSTUDIO_for_STM32_x86_64_9.1.0/ARMTools/bin/../lib/gcc/arm-atollic-eabi/6.3.1/armv7e-m/fpu/fpv5-d16/crti.o
LOAD /opt/Atollic_TrueSTUDIO_for_STM32_x86_64_9.1.0/ARMTools/bin/../lib/gcc/arm-atollic-eabi/6.3.1/armv7e-m/fpu/fpv5-d16/crtbegin.o
LOAD Drivers/STM32F7xx_HAL_Driver/Src/stm32f7xx_hal.o
LOAD Drivers/STM32F7xx_HAL_Driver/Src/stm32f7xx_hal_cortex.o
LOAD Drivers/STM32F7xx_HAL_Driver/Src/stm32f7xx_hal_dma.o
LOAD Drivers/STM32F7xx_HAL_Driver/Src/stm32f7xx_hal_dma_ex.o
LOAD Drivers/STM32F7xx_HAL_Driver/Src/stm32f7xx_hal_flash.o
LOAD Drivers/STM32F7xx_HAL_Driver/Src/stm32f7xx_hal_flash_ex.o
LOAD Drivers/STM32F7xx_HAL_Driver/Src/stm32f7xx_hal_gpio.o
LOAD Drivers/STM32F7xx_HAL_Driver/Src/stm32f7xx_hal_i2c.o
LOAD Drivers/STM32F7xx_HAL_Driver/Src/stm32f7xx_hal_i2c_ex.o
LOAD Drivers/STM32F7xx_HAL_Driver/Src/stm32f7xx_hal_pwr.o
LOAD Drivers/STM32F7xx_HAL_Driver/Src/stm32f7xx_hal_pwr_ex.o
LOAD Drivers/STM32F7xx_HAL_Driver/Src/stm32f7xx_hal_rcc.o
LOAD Drivers/STM32F7xx_HAL_Driver/Src/stm32f7xx_hal_rcc_ex.o
LOAD Drivers/STM32F7xx_HAL_Driver/Src/stm32f7xx_hal_tim.o
LOAD Drivers/STM32F7xx_HAL_Driver/Src/stm32f7xx_hal_tim_ex.o
LOAD Drivers/STM32F7xx_HAL_Driver/Src/stm32f7xx_hal_uart.o
LOAD Src/gpio.o
LOAD Src/main.o
LOAD Src/stm32f7xx_hal_msp.o
LOAD Src/stm32f7xx_it.o
LOAD Src/system_stm32f7xx.o
LOAD Src/usart.o
LOAD startup/startup_stm32f767xx.o
                0x0000000000000080                malloc_getpagesize_P = 0x80
START GROUP
LOAD /opt/Atollic_TrueSTUDIO_for_STM32_x86_64_9.1.0/ARMTools/bin/../lib/gcc/arm-atollic-eabi/6.3.1/../../../../arm-atollic-eabi/lib/armv7e-m/fpu/fpv5-d16/libc_nano.a
LOAD /opt/Atollic_TrueSTUDIO_for_STM32_x86_64_9.1.0/ARMTools/bin/../lib/gcc/arm-atollic-eabi/6.3.1/../../../../arm-atollic-eabi/lib/armv7e-m/fpu/fpv5-d16/libm.a
END GROUP
START GROUP
LOAD /opt/Atollic_TrueSTUDIO_for_STM32_x86_64_9.1.0/ARMTools/bin/../lib/gcc/arm-atollic-eabi/6.3.1/armv7e-m/fpu/fpv5-d16/libgcc.a
LOAD /opt/Atollic_TrueSTUDIO_for_STM32_x86_64_9.1.0/ARMTools/bin/../lib/gcc/arm-atollic-eabi/6.3.1/../../../../arm-atollic-eabi/lib/armv7e-m/fpu/fpv5-d16/libc_nano.a
END GROUP
START GROUP
LOAD /opt/Atollic_TrueSTUDIO_for_STM32_x86_64_9.1.0/ARMTools/bin/../lib/gcc/arm-atollic-eabi/6.3.1/armv7e-m/fpu/fpv5-d16/libgcc.a
LOAD /opt/Atollic_TrueSTUDIO_for_STM32_x86_64_9.1.0/ARMTools/bin/../lib/gcc/arm-atollic-eabi/6.3.1/../../../../arm-atollic-eabi/lib/armv7e-m/fpu/fpv5-d16/libc_nano.a
LOAD /opt/Atollic_TrueSTUDIO_for_STM32_x86_64_9.1.0/ARMTools/bin/../lib/gcc/arm-atollic-eabi/6.3.1/../../../../arm-atollic-eabi/lib/armv7e-m/fpu/fpv5-d16/libnosys.a
END GROUP
START GROUP
LOAD /opt/Atollic_TrueSTUDIO_for_STM32_x86_64_9.1.0/ARMTools/bin/../lib/gcc/arm-atollic-eabi/6.3.1/armv7e-m/fpu/fpv5-d16/libgcc.a
LOAD /opt/Atollic_TrueSTUDIO_for_STM32_x86_64_9.1.0/ARMTools/bin/../lib/gcc/arm-atollic-eabi/6.3.1/../../../../arm-atollic-eabi/lib/armv7e-m/fpu/fpv5-d16/libc_nano.a
LOAD /opt/Atollic_TrueSTUDIO_for_STM32_x86_64_9.1.0/ARMTools/bin/../lib/gcc/arm-atollic-eabi/6.3.1/../../../../arm-atollic-eabi/lib/armv7e-m/fpu/fpv5-d16/libnosys.a
END GROUP
LOAD /opt/Atollic_TrueSTUDIO_for_STM32_x86_64_9.1.0/ARMTools/bin/../lib/gcc/arm-atollic-eabi/6.3.1/armv7e-m/fpu/fpv5-d16/crtend.o
LOAD /opt/Atollic_TrueSTUDIO_for_STM32_x86_64_9.1.0/ARMTools/bin/../lib/gcc/arm-atollic-eabi/6.3.1/armv7e-m/fpu/fpv5-d16/crtn.o
                0x0000000020080000                _estack = 0x20080000
                0x0000000000000200                _Min_Heap_Size = 0x200
                0x0000000000000400                _Min_Stack_Size = 0x400

.isr_vector     0x0000000008000000      0x1f8
                0x0000000008000000                . = ALIGN (0x4)
 *(.isr_vector)
 .isr_vector    0x0000000008000000      0x1f8 startup/startup_stm32f767xx.o
                0x0000000008000000                g_pfnVectors
                0x00000000080001f8                . = ALIGN (0x4)

.text           0x0000000008000200     0x2dd4
                0x0000000008000200                . = ALIGN (0x4)
 *(.text)
 .text          0x0000000008000200       0x40 /opt/Atollic_TrueSTUDIO_for_STM32_x86_64_9.1.0/ARMTools/bin/../lib/gcc/arm-atollic-eabi/6.3.1/armv7e-m/fpu/fpv5-d16/crtbegin.o
 .text          0x0000000008000240       0xa0 /opt/Atollic_TrueSTUDIO_for_STM32_x86_64_9.1.0/ARMTools/bin/../lib/gcc/arm-atollic-eabi/6.3.1/../../../../arm-atollic-eabi/lib/armv7e-m/fpu/fpv5-d16/libc_nano.a(lib_a-memchr.o)
                0x0000000008000240                memchr
 .text          0x00000000080002e0       0x30 /opt/Atollic_TrueSTUDIO_for_STM32_x86_64_9.1.0/ARMTools/bin/../lib/gcc/arm-atollic-eabi/6.3.1/armv7e-m/fpu/fpv5-d16/libgcc.a(_aeabi_uldivmod.o)
                0x00000000080002e0                __aeabi_uldivmod
 .text          0x0000000008000310      0x2dc /opt/Atollic_TrueSTUDIO_for_STM32_x86_64_9.1.0/ARMTools/bin/../lib/gcc/arm-atollic-eabi/6.3.1/armv7e-m/fpu/fpv5-d16/libgcc.a(_udivmoddi4.o)
                0x0000000008000310                __udivmoddi4
 .text          0x00000000080005ec        0x4 /opt/Atollic_TrueSTUDIO_for_STM32_x86_64_9.1.0/ARMTools/bin/../lib/gcc/arm-atollic-eabi/6.3.1/armv7e-m/fpu/fpv5-d16/libgcc.a(_dvmd_tls.o)
                0x00000000080005ec                __aeabi_ldiv0
                0x00000000080005ec                __aeabi_idiv0
 *(.text*)
 .text.HAL_InitTick
                0x00000000080005f0       0x48 Drivers/STM32F7xx_HAL_Driver/Src/stm32f7xx_hal.o
                0x00000000080005f0                HAL_InitTick
 .text.HAL_Init
                0x0000000008000638       0x16 Drivers/STM32F7xx_HAL_Driver/Src/stm32f7xx_hal.o
                0x0000000008000638                HAL_Init
 *fill*         0x000000000800064e        0x2 
 .text.HAL_IncTick
                0x0000000008000650       0x18 Drivers/STM32F7xx_HAL_Driver/Src/stm32f7xx_hal.o
                0x0000000008000650                HAL_IncTick
 .text.HAL_GetTick
                0x0000000008000668        0xc Drivers/STM32F7xx_HAL_Driver/Src/stm32f7xx_hal.o
                0x0000000008000668                HAL_GetTick
 .text.HAL_Delay
                0x0000000008000674       0x24 Drivers/STM32F7xx_HAL_Driver/Src/stm32f7xx_hal.o
                0x0000000008000674                HAL_Delay
 .text.HAL_NVIC_SetPriorityGrouping
                0x0000000008000698       0x24 Drivers/STM32F7xx_HAL_Driver/Src/stm32f7xx_hal_cortex.o
                0x0000000008000698                HAL_NVIC_SetPriorityGrouping
 .text.HAL_NVIC_SetPriority
                0x00000000080006bc       0x70 Drivers/STM32F7xx_HAL_Driver/Src/stm32f7xx_hal_cortex.o
                0x00000000080006bc                HAL_NVIC_SetPriority
 .text.HAL_NVIC_EnableIRQ
                0x000000000800072c       0x18 Drivers/STM32F7xx_HAL_Driver/Src/stm32f7xx_hal_cortex.o
                0x000000000800072c                HAL_NVIC_EnableIRQ
 .text.HAL_SYSTICK_Config
                0x0000000008000744       0x2c Drivers/STM32F7xx_HAL_Driver/Src/stm32f7xx_hal_cortex.o
                0x0000000008000744                HAL_SYSTICK_Config
 .text.HAL_SYSTICK_CLKSourceConfig
                0x0000000008000770       0x18 Drivers/STM32F7xx_HAL_Driver/Src/stm32f7xx_hal_cortex.o
                0x0000000008000770                HAL_SYSTICK_CLKSourceConfig
 .text.HAL_SYSTICK_Callback
                0x0000000008000788        0x2 Drivers/STM32F7xx_HAL_Driver/Src/stm32f7xx_hal_cortex.o
                0x0000000008000788                HAL_SYSTICK_Callback
 .text.HAL_SYSTICK_IRQHandler
                0x000000000800078a        0x8 Drivers/STM32F7xx_HAL_Driver/Src/stm32f7xx_hal_cortex.o
                0x000000000800078a                HAL_SYSTICK_IRQHandler
 .text.HAL_DMA_Abort_IT
                0x0000000008000792       0x24 Drivers/STM32F7xx_HAL_Driver/Src/stm32f7xx_hal_dma.o
                0x0000000008000792                HAL_DMA_Abort_IT
 *fill*         0x00000000080007b6        0x2 
 .text.HAL_GPIO_Init
                0x00000000080007b8      0x1d4 Drivers/STM32F7xx_HAL_Driver/Src/stm32f7xx_hal_gpio.o
                0x00000000080007b8                HAL_GPIO_Init
 .text.HAL_GPIO_WritePin
                0x000000000800098c        0xa Drivers/STM32F7xx_HAL_Driver/Src/stm32f7xx_hal_gpio.o
                0x000000000800098c                HAL_GPIO_WritePin
 .text.HAL_GPIO_TogglePin
                0x0000000008000996        0x8 Drivers/STM32F7xx_HAL_Driver/Src/stm32f7xx_hal_gpio.o
                0x0000000008000996                HAL_GPIO_TogglePin
 *fill*         0x000000000800099e        0x2 
 .text.HAL_PWREx_EnableOverDrive
                0x00000000080009a0       0x70 Drivers/STM32F7xx_HAL_Driver/Src/stm32f7xx_hal_pwr_ex.o
                0x00000000080009a0                HAL_PWREx_EnableOverDrive
 .text.HAL_RCC_OscConfig
                0x0000000008000a10      0x328 Drivers/STM32F7xx_HAL_Driver/Src/stm32f7xx_hal_rcc.o
                0x0000000008000a10                HAL_RCC_OscConfig
 .text.HAL_RCC_GetSysClockFreq
                0x0000000008000d38       0x5c Drivers/STM32F7xx_HAL_Driver/Src/stm32f7xx_hal_rcc.o
                0x0000000008000d38                HAL_RCC_GetSysClockFreq
 .text.HAL_RCC_ClockConfig
                0x0000000008000d94      0x13c Drivers/STM32F7xx_HAL_Driver/Src/stm32f7xx_hal_rcc.o
                0x0000000008000d94                HAL_RCC_ClockConfig
 .text.HAL_RCC_GetHCLKFreq
                0x0000000008000ed0        0xc Drivers/STM32F7xx_HAL_Driver/Src/stm32f7xx_hal_rcc.o
                0x0000000008000ed0                HAL_RCC_GetHCLKFreq
 .text.HAL_RCC_GetPCLK1Freq
                0x0000000008000edc       0x20 Drivers/STM32F7xx_HAL_Driver/Src/stm32f7xx_hal_rcc.o
                0x0000000008000edc                HAL_RCC_GetPCLK1Freq
 .text.HAL_RCC_GetPCLK2Freq
                0x0000000008000efc       0x20 Drivers/STM32F7xx_HAL_Driver/Src/stm32f7xx_hal_rcc.o
                0x0000000008000efc                HAL_RCC_GetPCLK2Freq
 .text.HAL_RCCEx_PeriphCLKConfig
                0x0000000008000f1c      0x55c Drivers/STM32F7xx_HAL_Driver/Src/stm32f7xx_hal_rcc_ex.o
                0x0000000008000f1c                HAL_RCCEx_PeriphCLKConfig
 .text.UART_EndRxTransfer
                0x0000000008001478       0x1a Drivers/STM32F7xx_HAL_Driver/Src/stm32f7xx_hal_uart.o
 .text.HAL_UART_Receive_IT
                0x0000000008001492       0x88 Drivers/STM32F7xx_HAL_Driver/Src/stm32f7xx_hal_uart.o
                0x0000000008001492                HAL_UART_Receive_IT
 .text.UART_WaitOnFlagUntilTimeout
                0x000000000800151a       0x62 Drivers/STM32F7xx_HAL_Driver/Src/stm32f7xx_hal_uart.o
                0x000000000800151a                UART_WaitOnFlagUntilTimeout
 .text.HAL_UART_Transmit
                0x000000000800157c       0xb2 Drivers/STM32F7xx_HAL_Driver/Src/stm32f7xx_hal_uart.o
                0x000000000800157c                HAL_UART_Transmit
 .text.HAL_UART_TxCpltCallback
                0x000000000800162e        0x2 Drivers/STM32F7xx_HAL_Driver/Src/stm32f7xx_hal_uart.o
                0x000000000800162e                HAL_UART_TxCpltCallback
 .text.UART_Receive_IT
                0x0000000008001630       0x6e Drivers/STM32F7xx_HAL_Driver/Src/stm32f7xx_hal_uart.o
 .text.HAL_UART_ErrorCallback
                0x000000000800169e        0x2 Drivers/STM32F7xx_HAL_Driver/Src/stm32f7xx_hal_uart.o
                0x000000000800169e                HAL_UART_ErrorCallback
 .text.HAL_UART_IRQHandler
                0x00000000080016a0      0x15c Drivers/STM32F7xx_HAL_Driver/Src/stm32f7xx_hal_uart.o
                0x00000000080016a0                HAL_UART_IRQHandler
 .text.UART_DMAAbortOnError
                0x00000000080017fc       0x14 Drivers/STM32F7xx_HAL_Driver/Src/stm32f7xx_hal_uart.o
 .text.UART_SetConfig
                0x0000000008001810      0x290 Drivers/STM32F7xx_HAL_Driver/Src/stm32f7xx_hal_uart.o
                0x0000000008001810                UART_SetConfig
 .text.UART_AdvFeatureConfig
                0x0000000008001aa0       0xaa Drivers/STM32F7xx_HAL_Driver/Src/stm32f7xx_hal_uart.o
                0x0000000008001aa0                UART_AdvFeatureConfig
 .text.UART_CheckIdleState
                0x0000000008001b4a       0x44 Drivers/STM32F7xx_HAL_Driver/Src/stm32f7xx_hal_uart.o
                0x0000000008001b4a                UART_CheckIdleState
 .text.HAL_UART_Init
                0x0000000008001b8e       0x64 Drivers/STM32F7xx_HAL_Driver/Src/stm32f7xx_hal_uart.o
                0x0000000008001b8e                HAL_UART_Init
 *fill*         0x0000000008001bf2        0x2 
 .text.MX_GPIO_Init
                0x0000000008001bf4      0x194 Src/gpio.o
                0x0000000008001bf4                MX_GPIO_Init
 .text.SystemClock_Config
                0x0000000008001d88       0xc0 Src/main.o
                0x0000000008001d88                SystemClock_Config
 .text.startup.main
                0x0000000008001e48       0x54 Src/main.o
                0x0000000008001e48                main
 .text.HAL_UART_RxCpltCallback
                0x0000000008001e9c       0x34 Src/main.o
                0x0000000008001e9c                HAL_UART_RxCpltCallback
 .text._Error_Handler
                0x0000000008001ed0        0x2 Src/main.o
                0x0000000008001ed0                _Error_Handler
 *fill*         0x0000000008001ed2        0x2 
 .text.HAL_MspInit
                0x0000000008001ed4       0x8c Src/stm32f7xx_hal_msp.o
                0x0000000008001ed4                HAL_MspInit
 .text.NMI_Handler
                0x0000000008001f60        0x2 Src/stm32f7xx_it.o
                0x0000000008001f60                NMI_Handler
 .text.HardFault_Handler
                0x0000000008001f62        0x2 Src/stm32f7xx_it.o
                0x0000000008001f62                HardFault_Handler
 .text.MemManage_Handler
                0x0000000008001f64        0x2 Src/stm32f7xx_it.o
                0x0000000008001f64                MemManage_Handler
 .text.BusFault_Handler
                0x0000000008001f66        0x2 Src/stm32f7xx_it.o
                0x0000000008001f66                BusFault_Handler
 .text.UsageFault_Handler
                0x0000000008001f68        0x2 Src/stm32f7xx_it.o
                0x0000000008001f68                UsageFault_Handler
 .text.SVC_Handler
                0x0000000008001f6a        0x2 Src/stm32f7xx_it.o
                0x0000000008001f6a                SVC_Handler
 .text.DebugMon_Handler
                0x0000000008001f6c        0x2 Src/stm32f7xx_it.o
                0x0000000008001f6c                DebugMon_Handler
 .text.PendSV_Handler
                0x0000000008001f6e        0x2 Src/stm32f7xx_it.o
                0x0000000008001f6e                PendSV_Handler
 .text.SysTick_Handler
                0x0000000008001f70        0xe Src/stm32f7xx_it.o
                0x0000000008001f70                SysTick_Handler
 *fill*         0x0000000008001f7e        0x2 
 .text.USART3_IRQHandler
                0x0000000008001f80        0xc Src/stm32f7xx_it.o
                0x0000000008001f80                USART3_IRQHandler
 .text.SystemInit
                0x0000000008001f8c       0x4c Src/system_stm32f7xx.o
                0x0000000008001f8c                SystemInit
 .text.MX_USART3_UART_Init
                0x0000000008001fd8       0x44 Src/usart.o
                0x0000000008001fd8                MX_USART3_UART_Init
 .text.HAL_UART_MspInit
                0x000000000800201c       0x5c Src/usart.o
                0x000000000800201c                HAL_UART_MspInit
 .text.__io_putchar
                0x0000000008002078       0x20 Src/usart.o
                0x0000000008002078                __io_putchar
 .text._write   0x0000000008002098       0x1c Src/usart.o
                0x0000000008002098                _write
 .text.Reset_Handler
                0x00000000080020b4       0x50 startup/startup_stm32f767xx.o
                0x00000000080020b4                Reset_Handler
 .text.Default_Handler
                0x0000000008002104        0x2 startup/startup_stm32f767xx.o
                0x0000000008002104                RTC_Alarm_IRQHandler
                0x0000000008002104                EXTI2_IRQHandler
                0x0000000008002104                TIM8_CC_IRQHandler
                0x0000000008002104                UART8_IRQHandler
                0x0000000008002104                SPI4_IRQHandler
                0x0000000008002104                TIM1_CC_IRQHandler
                0x0000000008002104                DMA2_Stream5_IRQHandler
                0x0000000008002104                JPEG_IRQHandler
                0x0000000008002104                DMA1_Stream5_IRQHandler
                0x0000000008002104                CAN3_RX1_IRQHandler
                0x0000000008002104                PVD_IRQHandler
                0x0000000008002104                TAMP_STAMP_IRQHandler
                0x0000000008002104                CAN2_RX1_IRQHandler
                0x0000000008002104                EXTI3_IRQHandler
                0x0000000008002104                TIM8_TRG_COM_TIM14_IRQHandler
                0x0000000008002104                DFSDM1_FLT1_IRQHandler
                0x0000000008002104                TIM1_UP_TIM10_IRQHandler
                0x0000000008002104                TIM8_UP_TIM13_IRQHandler
                0x0000000008002104                I2C3_ER_IRQHandler
                0x0000000008002104                DFSDM1_FLT2_IRQHandler
                0x0000000008002104                EXTI0_IRQHandler
                0x0000000008002104                I2C2_EV_IRQHandler
                0x0000000008002104                DMA1_Stream2_IRQHandler
                0x0000000008002104                CAN1_RX0_IRQHandler
                0x0000000008002104                FPU_IRQHandler
                0x0000000008002104                OTG_HS_WKUP_IRQHandler
                0x0000000008002104                CAN3_SCE_IRQHandler
                0x0000000008002104                LTDC_ER_IRQHandler
                0x0000000008002104                CAN2_SCE_IRQHandler
                0x0000000008002104                DMA2_Stream2_IRQHandler
                0x0000000008002104                SPI1_IRQHandler
                0x0000000008002104                TIM6_DAC_IRQHandler
                0x0000000008002104                TIM1_BRK_TIM9_IRQHandler
                0x0000000008002104                DCMI_IRQHandler
                0x0000000008002104                CAN2_RX0_IRQHandler
                0x0000000008002104                DMA2_Stream3_IRQHandler
                0x0000000008002104                SAI2_IRQHandler
                0x0000000008002104                DFSDM1_FLT3_IRQHandler
                0x0000000008002104                USART6_IRQHandler
                0x0000000008002104                CAN3_RX0_IRQHandler
                0x0000000008002104                CAN1_RX1_IRQHandler
                0x0000000008002104                UART5_IRQHandler
                0x0000000008002104                DMA2_Stream0_IRQHandler
                0x0000000008002104                TIM4_IRQHandler
                0x0000000008002104                QUADSPI_IRQHandler
                0x0000000008002104                I2C1_EV_IRQHandler
                0x0000000008002104                DMA1_Stream6_IRQHandler
                0x0000000008002104                DMA1_Stream1_IRQHandler
                0x0000000008002104                UART4_IRQHandler
                0x0000000008002104                TIM3_IRQHandler
                0x0000000008002104                RCC_IRQHandler
                0x0000000008002104                TIM8_BRK_TIM12_IRQHandler
                0x0000000008002104                Default_Handler
                0x0000000008002104                CEC_IRQHandler
                0x0000000008002104                EXTI15_10_IRQHandler
                0x0000000008002104                ADC_IRQHandler
                0x0000000008002104                DMA1_Stream7_IRQHandler
                0x0000000008002104                SPI5_IRQHandler
                0x0000000008002104                TIM7_IRQHandler
                0x0000000008002104                SDMMC1_IRQHandler
                0x0000000008002104                CAN2_TX_IRQHandler
                0x0000000008002104                TIM5_IRQHandler
                0x0000000008002104                DMA2_Stream7_IRQHandler
                0x0000000008002104                I2C3_EV_IRQHandler
                0x0000000008002104                EXTI9_5_IRQHandler
                0x0000000008002104                RTC_WKUP_IRQHandler
                0x0000000008002104                LTDC_IRQHandler
                0x0000000008002104                ETH_WKUP_IRQHandler
                0x0000000008002104                SPDIF_RX_IRQHandler
                0x0000000008002104                SPI2_IRQHandler
                0x0000000008002104                OTG_HS_EP1_IN_IRQHandler
                0x0000000008002104                DMA1_Stream0_IRQHandler
                0x0000000008002104                CAN1_TX_IRQHandler
                0x0000000008002104                EXTI4_IRQHandler
                0x0000000008002104                RNG_IRQHandler
                0x0000000008002104                ETH_IRQHandler
                0x0000000008002104                OTG_HS_EP1_OUT_IRQHandler
                0x0000000008002104                WWDG_IRQHandler
                0x0000000008002104                SPI6_IRQHandler
                0x0000000008002104                MDIOS_IRQHandler
                0x0000000008002104                I2C4_EV_IRQHandler
                0x0000000008002104                CAN3_TX_IRQHandler
                0x0000000008002104                TIM2_IRQHandler
                0x0000000008002104                OTG_FS_WKUP_IRQHandler
                0x0000000008002104                TIM1_TRG_COM_TIM11_IRQHandler
                0x0000000008002104                OTG_HS_IRQHandler
                0x0000000008002104                DMA2D_IRQHandler
                0x0000000008002104                EXTI1_IRQHandler
                0x0000000008002104                SDMMC2_IRQHandler
                0x0000000008002104                UART7_IRQHandler
                0x0000000008002104                USART2_IRQHandler
                0x0000000008002104                DFSDM1_FLT0_IRQHandler
                0x0000000008002104                I2C2_ER_IRQHandler
                0x0000000008002104                DMA2_Stream1_IRQHandler
                0x0000000008002104                CAN1_SCE_IRQHandler
                0x0000000008002104                FLASH_IRQHandler
                0x0000000008002104                DMA2_Stream4_IRQHandler
                0x0000000008002104                USART1_IRQHandler
                0x0000000008002104                OTG_FS_IRQHandler
                0x0000000008002104                SPI3_IRQHandler
                0x0000000008002104                DMA1_Stream4_IRQHandler
                0x0000000008002104                I2C1_ER_IRQHandler
                0x0000000008002104                FMC_IRQHandler
                0x0000000008002104                LPTIM1_IRQHandler
                0x0000000008002104                I2C4_ER_IRQHandler
                0x0000000008002104                DMA2_Stream6_IRQHandler
                0x0000000008002104                SAI1_IRQHandler
                0x0000000008002104                DMA1_Stream3_IRQHandler
 *fill*         0x0000000008002106        0x2 
 .text.__libc_init_array
                0x0000000008002108       0x48 /opt/Atollic_TrueSTUDIO_for_STM32_x86_64_9.1.0/ARMTools/bin/../lib/gcc/arm-atollic-eabi/6.3.1/../../../../arm-atollic-eabi/lib/armv7e-m/fpu/fpv5-d16/libc_nano.a(lib_a-init.o)
                0x0000000008002108                __libc_init_array
 .text.printf   0x0000000008002150       0x30 /opt/Atollic_TrueSTUDIO_for_STM32_x86_64_9.1.0/ARMTools/bin/../lib/gcc/arm-atollic-eabi/6.3.1/../../../../arm-atollic-eabi/lib/armv7e-m/fpu/fpv5-d16/libc_nano.a(lib_a-printf.o)
                0x0000000008002150                printf
                0x0000000008002150                iprintf
 .text._cleanup_r
                0x0000000008002180        0xc /opt/Atollic_TrueSTUDIO_for_STM32_x86_64_9.1.0/ARMTools/bin/../lib/gcc/arm-atollic-eabi/6.3.1/../../../../arm-atollic-eabi/lib/armv7e-m/fpu/fpv5-d16/libc_nano.a(lib_a-findfp.o)
                0x0000000008002180                _cleanup_r
 .text.std.isra.0
                0x000000000800218c       0x48 /opt/Atollic_TrueSTUDIO_for_STM32_x86_64_9.1.0/ARMTools/bin/../lib/gcc/arm-atollic-eabi/6.3.1/../../../../arm-atollic-eabi/lib/armv7e-m/fpu/fpv5-d16/libc_nano.a(lib_a-findfp.o)
 .text.__sfmoreglue
                0x00000000080021d4       0x2c /opt/Atollic_TrueSTUDIO_for_STM32_x86_64_9.1.0/ARMTools/bin/../lib/gcc/arm-atollic-eabi/6.3.1/../../../../arm-atollic-eabi/lib/armv7e-m/fpu/fpv5-d16/libc_nano.a(lib_a-findfp.o)
                0x00000000080021d4                __sfmoreglue
 .text.__sinit  0x0000000008002200       0x60 /opt/Atollic_TrueSTUDIO_for_STM32_x86_64_9.1.0/ARMTools/bin/../lib/gcc/arm-atollic-eabi/6.3.1/../../../../arm-atollic-eabi/lib/armv7e-m/fpu/fpv5-d16/libc_nano.a(lib_a-findfp.o)
                0x0000000008002200                __sinit
 .text.__sfp    0x0000000008002260       0x78 /opt/Atollic_TrueSTUDIO_for_STM32_x86_64_9.1.0/ARMTools/bin/../lib/gcc/arm-atollic-eabi/6.3.1/../../../../arm-atollic-eabi/lib/armv7e-m/fpu/fpv5-d16/libc_nano.a(lib_a-findfp.o)
                0x0000000008002260                __sfp
 .text._fwalk_reent
                0x00000000080022d8       0x3c /opt/Atollic_TrueSTUDIO_for_STM32_x86_64_9.1.0/ARMTools/bin/../lib/gcc/arm-atollic-eabi/6.3.1/../../../../arm-atollic-eabi/lib/armv7e-m/fpu/fpv5-d16/libc_nano.a(lib_a-fwalk.o)
                0x00000000080022d8                _fwalk_reent
 .text.memset   0x0000000008002314       0x10 /opt/Atollic_TrueSTUDIO_for_STM32_x86_64_9.1.0/ARMTools/bin/../lib/gcc/arm-atollic-eabi/6.3.1/../../../../arm-atollic-eabi/lib/armv7e-m/fpu/fpv5-d16/libc_nano.a(lib_a-memset.o)
                0x0000000008002314                memset
 .text._malloc_r
                0x0000000008002324       0xbc /opt/Atollic_TrueSTUDIO_for_STM32_x86_64_9.1.0/ARMTools/bin/../lib/gcc/arm-atollic-eabi/6.3.1/../../../../arm-atollic-eabi/lib/armv7e-m/fpu/fpv5-d16/libc_nano.a(lib_a-nano-mallocr.o)
                0x0000000008002324                _malloc_r
 .text.__sfputc_r
                0x00000000080023e0       0x30 /opt/Atollic_TrueSTUDIO_for_STM32_x86_64_9.1.0/ARMTools/bin/../lib/gcc/arm-atollic-eabi/6.3.1/../../../../arm-atollic-eabi/lib/armv7e-m/fpu/fpv5-d16/libc_nano.a(lib_a-nano-vfprintf.o)
 .text.__sfputs_r
                0x0000000008002410       0x24 /opt/Atollic_TrueSTUDIO_for_STM32_x86_64_9.1.0/ARMTools/bin/../lib/gcc/arm-atollic-eabi/6.3.1/../../../../arm-atollic-eabi/lib/armv7e-m/fpu/fpv5-d16/libc_nano.a(lib_a-nano-vfprintf.o)
                0x0000000008002410                __sfputs_r
 .text._vfprintf_r
                0x0000000008002434      0x22c /opt/Atollic_TrueSTUDIO_for_STM32_x86_64_9.1.0/ARMTools/bin/../lib/gcc/arm-atollic-eabi/6.3.1/../../../../arm-atollic-eabi/lib/armv7e-m/fpu/fpv5-d16/libc_nano.a(lib_a-nano-vfprintf.o)
                0x0000000008002434                _vfiprintf_r
                0x0000000008002434                _vfprintf_r
 .text._printf_common
                0x0000000008002660       0xec /opt/Atollic_TrueSTUDIO_for_STM32_x86_64_9.1.0/ARMTools/bin/../lib/gcc/arm-atollic-eabi/6.3.1/../../../../arm-atollic-eabi/lib/armv7e-m/fpu/fpv5-d16/libc_nano.a(lib_a-nano-vfprintf_i.o)
                0x0000000008002660                _printf_common
 .text._printf_i
                0x000000000800274c      0x240 /opt/Atollic_TrueSTUDIO_for_STM32_x86_64_9.1.0/ARMTools/bin/../lib/gcc/arm-atollic-eabi/6.3.1/../../../../arm-atollic-eabi/lib/armv7e-m/fpu/fpv5-d16/libc_nano.a(lib_a-nano-vfprintf_i.o)
                0x000000000800274c                _printf_i
 .text._sbrk_r  0x000000000800298c       0x20 /opt/Atollic_TrueSTUDIO_for_STM32_x86_64_9.1.0/ARMTools/bin/../lib/gcc/arm-atollic-eabi/6.3.1/../../../../arm-atollic-eabi/lib/armv7e-m/fpu/fpv5-d16/libc_nano.a(lib_a-sbrkr.o)
                0x000000000800298c                _sbrk_r
 .text.__sread  0x00000000080029ac       0x22 /opt/Atollic_TrueSTUDIO_for_STM32_x86_64_9.1.0/ARMTools/bin/../lib/gcc/arm-atollic-eabi/6.3.1/../../../../arm-atollic-eabi/lib/armv7e-m/fpu/fpv5-d16/libc_nano.a(lib_a-stdio.o)
                0x00000000080029ac                __sread
 .text.__swrite
                0x00000000080029ce       0x38 /opt/Atollic_TrueSTUDIO_for_STM32_x86_64_9.1.0/ARMTools/bin/../lib/gcc/arm-atollic-eabi/6.3.1/../../../../arm-atollic-eabi/lib/armv7e-m/fpu/fpv5-d16/libc_nano.a(lib_a-stdio.o)
                0x00000000080029ce                __swrite
 .text.__sseek  0x0000000008002a06       0x24 /opt/Atollic_TrueSTUDIO_for_STM32_x86_64_9.1.0/ARMTools/bin/../lib/gcc/arm-atollic-eabi/6.3.1/../../../../arm-atollic-eabi/lib/armv7e-m/fpu/fpv5-d16/libc_nano.a(lib_a-stdio.o)
                0x0000000008002a06                __sseek
 .text.__sclose
                0x0000000008002a2a        0x8 /opt/Atollic_TrueSTUDIO_for_STM32_x86_64_9.1.0/ARMTools/bin/../lib/gcc/arm-atollic-eabi/6.3.1/../../../../arm-atollic-eabi/lib/armv7e-m/fpu/fpv5-d16/libc_nano.a(lib_a-stdio.o)
                0x0000000008002a2a                __sclose
 *fill*         0x0000000008002a32        0x2 
 .text.__swbuf_r
                0x0000000008002a34       0xa4 /opt/Atollic_TrueSTUDIO_for_STM32_x86_64_9.1.0/ARMTools/bin/../lib/gcc/arm-atollic-eabi/6.3.1/../../../../arm-atollic-eabi/lib/armv7e-m/fpu/fpv5-d16/libc_nano.a(lib_a-wbuf.o)
                0x0000000008002a34                __swbuf_r
 .text._write_r
                0x0000000008002ad8       0x24 /opt/Atollic_TrueSTUDIO_for_STM32_x86_64_9.1.0/ARMTools/bin/../lib/gcc/arm-atollic-eabi/6.3.1/../../../../arm-atollic-eabi/lib/armv7e-m/fpu/fpv5-d16/libc_nano.a(lib_a-writer.o)
                0x0000000008002ad8                _write_r
 .text.__swsetup_r
                0x0000000008002afc       0xdc /opt/Atollic_TrueSTUDIO_for_STM32_x86_64_9.1.0/ARMTools/bin/../lib/gcc/arm-atollic-eabi/6.3.1/../../../../arm-atollic-eabi/lib/armv7e-m/fpu/fpv5-d16/libc_nano.a(lib_a-wsetup.o)
                0x0000000008002afc                __swsetup_r
 .text._close_r
                0x0000000008002bd8       0x20 /opt/Atollic_TrueSTUDIO_for_STM32_x86_64_9.1.0/ARMTools/bin/../lib/gcc/arm-atollic-eabi/6.3.1/../../../../arm-atollic-eabi/lib/armv7e-m/fpu/fpv5-d16/libc_nano.a(lib_a-closer.o)
                0x0000000008002bd8                _close_r
 .text.__sflush_r
                0x0000000008002bf8      0x110 /opt/Atollic_TrueSTUDIO_for_STM32_x86_64_9.1.0/ARMTools/bin/../lib/gcc/arm-atollic-eabi/6.3.1/../../../../arm-atollic-eabi/lib/armv7e-m/fpu/fpv5-d16/libc_nano.a(lib_a-fflush.o)
                0x0000000008002bf8                __sflush_r
 .text._fflush_r
                0x0000000008002d08       0x54 /opt/Atollic_TrueSTUDIO_for_STM32_x86_64_9.1.0/ARMTools/bin/../lib/gcc/arm-atollic-eabi/6.3.1/../../../../arm-atollic-eabi/lib/armv7e-m/fpu/fpv5-d16/libc_nano.a(lib_a-fflush.o)
                0x0000000008002d08                _fflush_r
 .text._lseek_r
                0x0000000008002d5c       0x24 /opt/Atollic_TrueSTUDIO_for_STM32_x86_64_9.1.0/ARMTools/bin/../lib/gcc/arm-atollic-eabi/6.3.1/../../../../arm-atollic-eabi/lib/armv7e-m/fpu/fpv5-d16/libc_nano.a(lib_a-lseekr.o)
                0x0000000008002d5c                _lseek_r
 .text.__swhatbuf_r
                0x0000000008002d80       0x48 /opt/Atollic_TrueSTUDIO_for_STM32_x86_64_9.1.0/ARMTools/bin/../lib/gcc/arm-atollic-eabi/6.3.1/../../../../arm-atollic-eabi/lib/armv7e-m/fpu/fpv5-d16/libc_nano.a(lib_a-makebuf.o)
                0x0000000008002d80                __swhatbuf_r
 .text.__smakebuf_r
                0x0000000008002dc8       0x80 /opt/Atollic_TrueSTUDIO_for_STM32_x86_64_9.1.0/ARMTools/bin/../lib/gcc/arm-atollic-eabi/6.3.1/../../../../arm-atollic-eabi/lib/armv7e-m/fpu/fpv5-d16/libc_nano.a(lib_a-makebuf.o)
                0x0000000008002dc8                __smakebuf_r
 .text.__malloc_lock
                0x0000000008002e48        0x2 /opt/Atollic_TrueSTUDIO_for_STM32_x86_64_9.1.0/ARMTools/bin/../lib/gcc/arm-atollic-eabi/6.3.1/../../../../arm-atollic-eabi/lib/armv7e-m/fpu/fpv5-d16/libc_nano.a(lib_a-mlock.o)
                0x0000000008002e48                __malloc_lock
 .text.__malloc_unlock
                0x0000000008002e4a        0x2 /opt/Atollic_TrueSTUDIO_for_STM32_x86_64_9.1.0/ARMTools/bin/../lib/gcc/arm-atollic-eabi/6.3.1/../../../../arm-atollic-eabi/lib/armv7e-m/fpu/fpv5-d16/libc_nano.a(lib_a-mlock.o)
                0x0000000008002e4a                __malloc_unlock
 .text._free_r  0x0000000008002e4c       0x9c /opt/Atollic_TrueSTUDIO_for_STM32_x86_64_9.1.0/ARMTools/bin/../lib/gcc/arm-atollic-eabi/6.3.1/../../../../arm-atollic-eabi/lib/armv7e-m/fpu/fpv5-d16/libc_nano.a(lib_a-nano-freer.o)
                0x0000000008002e4c                _free_r
 .text._read_r  0x0000000008002ee8       0x24 /opt/Atollic_TrueSTUDIO_for_STM32_x86_64_9.1.0/ARMTools/bin/../lib/gcc/arm-atollic-eabi/6.3.1/../../../../arm-atollic-eabi/lib/armv7e-m/fpu/fpv5-d16/libc_nano.a(lib_a-readr.o)
                0x0000000008002ee8                _read_r
 .text._fstat_r
                0x0000000008002f0c       0x24 /opt/Atollic_TrueSTUDIO_for_STM32_x86_64_9.1.0/ARMTools/bin/../lib/gcc/arm-atollic-eabi/6.3.1/../../../../arm-atollic-eabi/lib/armv7e-m/fpu/fpv5-d16/libc_nano.a(lib_a-fstatr.o)
                0x0000000008002f0c                _fstat_r
 .text._isatty_r
                0x0000000008002f30       0x20 /opt/Atollic_TrueSTUDIO_for_STM32_x86_64_9.1.0/ARMTools/bin/../lib/gcc/arm-atollic-eabi/6.3.1/../../../../arm-atollic-eabi/lib/armv7e-m/fpu/fpv5-d16/libc_nano.a(lib_a-isattyr.o)
                0x0000000008002f30                _isatty_r
 .text._close   0x0000000008002f50       0x10 /opt/Atollic_TrueSTUDIO_for_STM32_x86_64_9.1.0/ARMTools/bin/../lib/gcc/arm-atollic-eabi/6.3.1/../../../../arm-atollic-eabi/lib/armv7e-m/fpu/fpv5-d16/libnosys.a(close.o)
                0x0000000008002f50                _close
 .text._fstat   0x0000000008002f60       0x10 /opt/Atollic_TrueSTUDIO_for_STM32_x86_64_9.1.0/ARMTools/bin/../lib/gcc/arm-atollic-eabi/6.3.1/../../../../arm-atollic-eabi/lib/armv7e-m/fpu/fpv5-d16/libnosys.a(fstat.o)
                0x0000000008002f60                _fstat
 .text._isatty  0x0000000008002f70       0x10 /opt/Atollic_TrueSTUDIO_for_STM32_x86_64_9.1.0/ARMTools/bin/../lib/gcc/arm-atollic-eabi/6.3.1/../../../../arm-atollic-eabi/lib/armv7e-m/fpu/fpv5-d16/libnosys.a(isatty.o)
                0x0000000008002f70                _isatty
 .text._lseek   0x0000000008002f80       0x10 /opt/Atollic_TrueSTUDIO_for_STM32_x86_64_9.1.0/ARMTools/bin/../lib/gcc/arm-atollic-eabi/6.3.1/../../../../arm-atollic-eabi/lib/armv7e-m/fpu/fpv5-d16/libnosys.a(lseek.o)
                0x0000000008002f80                _lseek
 .text._read    0x0000000008002f90       0x10 /opt/Atollic_TrueSTUDIO_for_STM32_x86_64_9.1.0/ARMTools/bin/../lib/gcc/arm-atollic-eabi/6.3.1/../../../../arm-atollic-eabi/lib/armv7e-m/fpu/fpv5-d16/libnosys.a(read.o)
                0x0000000008002f90                _read
 .text._sbrk    0x0000000008002fa0       0x1c /opt/Atollic_TrueSTUDIO_for_STM32_x86_64_9.1.0/ARMTools/bin/../lib/gcc/arm-atollic-eabi/6.3.1/../../../../arm-atollic-eabi/lib/armv7e-m/fpu/fpv5-d16/libnosys.a(sbrk.o)
                0x0000000008002fa0                _sbrk
 *(.glue_7)
 .glue_7        0x0000000008002fbc        0x0 linker stubs
 *(.glue_7t)
 .glue_7t       0x0000000008002fbc        0x0 linker stubs
 *(.eh_frame)
 .eh_frame      0x0000000008002fbc        0x0 /opt/Atollic_TrueSTUDIO_for_STM32_x86_64_9.1.0/ARMTools/bin/../lib/gcc/arm-atollic-eabi/6.3.1/armv7e-m/fpu/fpv5-d16/crtbegin.o
 *(.init)
 .init          0x0000000008002fbc        0x4 /opt/Atollic_TrueSTUDIO_for_STM32_x86_64_9.1.0/ARMTools/bin/../lib/gcc/arm-atollic-eabi/6.3.1/armv7e-m/fpu/fpv5-d16/crti.o
                0x0000000008002fbc                _init
 .init          0x0000000008002fc0        0x8 /opt/Atollic_TrueSTUDIO_for_STM32_x86_64_9.1.0/ARMTools/bin/../lib/gcc/arm-atollic-eabi/6.3.1/armv7e-m/fpu/fpv5-d16/crtn.o
 *(.fini)
 .fini          0x0000000008002fc8        0x4 /opt/Atollic_TrueSTUDIO_for_STM32_x86_64_9.1.0/ARMTools/bin/../lib/gcc/arm-atollic-eabi/6.3.1/armv7e-m/fpu/fpv5-d16/crti.o
                0x0000000008002fc8                _fini
 .fini          0x0000000008002fcc        0x8 /opt/Atollic_TrueSTUDIO_for_STM32_x86_64_9.1.0/ARMTools/bin/../lib/gcc/arm-atollic-eabi/6.3.1/armv7e-m/fpu/fpv5-d16/crtn.o
                0x0000000008002fd4                . = ALIGN (0x4)
                0x0000000008002fd4                _etext = .

.vfp11_veneer   0x0000000008002fd4        0x0
 .vfp11_veneer  0x0000000008002fd4        0x0 linker stubs

.v4_bx          0x0000000008002fd4        0x0
 .v4_bx         0x0000000008002fd4        0x0 linker stubs

.iplt           0x0000000008002fd4        0x0
 .iplt          0x0000000008002fd4        0x0 /opt/Atollic_TrueSTUDIO_for_STM32_x86_64_9.1.0/ARMTools/bin/../lib/gcc/arm-atollic-eabi/6.3.1/armv7e-m/fpu/fpv5-d16/crtbegin.o

.rodata         0x0000000008002fd4       0xe0
                0x0000000008002fd4                . = ALIGN (0x4)
 *(.rodata)
 *(.rodata*)
 .rodata.CSWTCH.38
                0x0000000008002fd4        0x4 Drivers/STM32F7xx_HAL_Driver/Src/stm32f7xx_hal_uart.o
 .rodata.CSWTCH.39
                0x0000000008002fd8        0xd Drivers/STM32F7xx_HAL_Driver/Src/stm32f7xx_hal_uart.o
 .rodata.main.str1.1
                0x0000000008002fe5        0xd Src/main.o
 .rodata.AHBPrescTable
                0x0000000008002ff2       0x10 Src/system_stm32f7xx.o
                0x0000000008002ff2                AHBPrescTable
 .rodata.APBPrescTable
                0x0000000008003002        0x8 Src/system_stm32f7xx.o
                0x0000000008003002                APBPrescTable
 .rodata.MX_USART3_UART_Init.str1.1
                0x000000000800300a        0xf Src/usart.o
 *fill*         0x0000000008003019        0x3 
 .rodata.__sf_fake_stderr
                0x000000000800301c       0x20 /opt/Atollic_TrueSTUDIO_for_STM32_x86_64_9.1.0/ARMTools/bin/../lib/gcc/arm-atollic-eabi/6.3.1/../../../../arm-atollic-eabi/lib/armv7e-m/fpu/fpv5-d16/libc_nano.a(lib_a-findfp.o)
                0x000000000800301c                __sf_fake_stderr
 .rodata.__sf_fake_stdin
                0x000000000800303c       0x20 /opt/Atollic_TrueSTUDIO_for_STM32_x86_64_9.1.0/ARMTools/bin/../lib/gcc/arm-atollic-eabi/6.3.1/../../../../arm-atollic-eabi/lib/armv7e-m/fpu/fpv5-d16/libc_nano.a(lib_a-findfp.o)
                0x000000000800303c                __sf_fake_stdin
 .rodata.__sf_fake_stdout
                0x000000000800305c       0x20 /opt/Atollic_TrueSTUDIO_for_STM32_x86_64_9.1.0/ARMTools/bin/../lib/gcc/arm-atollic-eabi/6.3.1/../../../../arm-atollic-eabi/lib/armv7e-m/fpu/fpv5-d16/libc_nano.a(lib_a-findfp.o)
                0x000000000800305c                __sf_fake_stdout
 .rodata._global_impure_ptr
                0x000000000800307c        0x4 /opt/Atollic_TrueSTUDIO_for_STM32_x86_64_9.1.0/ARMTools/bin/../lib/gcc/arm-atollic-eabi/6.3.1/../../../../arm-atollic-eabi/lib/armv7e-m/fpu/fpv5-d16/libc_nano.a(lib_a-impure.o)
                0x000000000800307c                _global_impure_ptr
 .rodata._vfprintf_r.str1.1
                0x0000000008003080       0x11 /opt/Atollic_TrueSTUDIO_for_STM32_x86_64_9.1.0/ARMTools/bin/../lib/gcc/arm-atollic-eabi/6.3.1/../../../../arm-atollic-eabi/lib/armv7e-m/fpu/fpv5-d16/libc_nano.a(lib_a-nano-vfprintf.o)
 .rodata._printf_i.str1.1
                0x0000000008003091       0x22 /opt/Atollic_TrueSTUDIO_for_STM32_x86_64_9.1.0/ARMTools/bin/../lib/gcc/arm-atollic-eabi/6.3.1/../../../../arm-atollic-eabi/lib/armv7e-m/fpu/fpv5-d16/libc_nano.a(lib_a-nano-vfprintf_i.o)
                0x00000000080030b4                . = ALIGN (0x4)
 *fill*         0x00000000080030b3        0x1 

.ARM.extab
 *(.ARM.extab* .gnu.linkonce.armextab.*)

.ARM            0x00000000080030b4        0x8
                0x00000000080030b4                __exidx_start = .
 *(.ARM.exidx*)
 .ARM.exidx     0x00000000080030b4        0x8 /opt/Atollic_TrueSTUDIO_for_STM32_x86_64_9.1.0/ARMTools/bin/../lib/gcc/arm-atollic-eabi/6.3.1/armv7e-m/fpu/fpv5-d16/libgcc.a(_udivmoddi4.o)
                0x00000000080030bc                __exidx_end = .

.rel.dyn        0x00000000080030bc        0x0
 .rel.iplt      0x00000000080030bc        0x0 /opt/Atollic_TrueSTUDIO_for_STM32_x86_64_9.1.0/ARMTools/bin/../lib/gcc/arm-atollic-eabi/6.3.1/armv7e-m/fpu/fpv5-d16/crtbegin.o

.preinit_array  0x00000000080030bc        0x0
                0x00000000080030bc                PROVIDE (__preinit_array_start, .)
 *(.preinit_array*)
                0x00000000080030bc                PROVIDE (__preinit_array_end, .)

.init_array     0x00000000080030bc        0x4
                0x00000000080030bc                PROVIDE (__init_array_start, .)
 *(SORT(.init_array.*))
 *(.init_array*)
 .init_array    0x00000000080030bc        0x4 /opt/Atollic_TrueSTUDIO_for_STM32_x86_64_9.1.0/ARMTools/bin/../lib/gcc/arm-atollic-eabi/6.3.1/armv7e-m/fpu/fpv5-d16/crtbegin.o
                0x00000000080030c0                PROVIDE (__init_array_end, .)

.fini_array     0x00000000080030c0        0x4
                [!provide]                        PROVIDE (__fini_array_start, .)
 *(SORT(.fini_array.*))
 *(.fini_array*)
 .fini_array    0x00000000080030c0        0x4 /opt/Atollic_TrueSTUDIO_for_STM32_x86_64_9.1.0/ARMTools/bin/../lib/gcc/arm-atollic-eabi/6.3.1/armv7e-m/fpu/fpv5-d16/crtbegin.o
                [!provide]                        PROVIDE (__fini_array_end, .)
                0x00000000080030c4                _sidata = LOADADDR (.data)

.data           0x0000000020000000       0x70 load address 0x00000000080030c4
                0x0000000020000000                . = ALIGN (0x4)
                0x0000000020000000                _sdata = .
 *(.data)
 *(.data*)
 .data.uwTickFreq
                0x0000000020000000        0x1 Drivers/STM32F7xx_HAL_Driver/Src/stm32f7xx_hal.o
                0x0000000020000000                uwTickFreq
 *fill*         0x0000000020000001        0x3 
 .data.uwTickPrio
                0x0000000020000004        0x4 Drivers/STM32F7xx_HAL_Driver/Src/stm32f7xx_hal.o
                0x0000000020000004                uwTickPrio
 .data.SystemCoreClock
                0x0000000020000008        0x4 Src/system_stm32f7xx.o
                0x0000000020000008                SystemCoreClock
 .data._impure_ptr
                0x000000002000000c        0x4 /opt/Atollic_TrueSTUDIO_for_STM32_x86_64_9.1.0/ARMTools/bin/../lib/gcc/arm-atollic-eabi/6.3.1/../../../../arm-atollic-eabi/lib/armv7e-m/fpu/fpv5-d16/libc_nano.a(lib_a-impure.o)
                0x000000002000000c                _impure_ptr
 .data.impure_data
                0x0000000020000010       0x60 /opt/Atollic_TrueSTUDIO_for_STM32_x86_64_9.1.0/ARMTools/bin/../lib/gcc/arm-atollic-eabi/6.3.1/../../../../arm-atollic-eabi/lib/armv7e-m/fpu/fpv5-d16/libc_nano.a(lib_a-impure.o)
                0x0000000020000070                . = ALIGN (0x4)
                0x0000000020000070                _edata = .

.igot.plt       0x0000000020000070        0x0 load address 0x0000000008003134
 .igot.plt      0x0000000020000070        0x0 /opt/Atollic_TrueSTUDIO_for_STM32_x86_64_9.1.0/ARMTools/bin/../lib/gcc/arm-atollic-eabi/6.3.1/armv7e-m/fpu/fpv5-d16/crtbegin.o
                0x0000000020000070                . = ALIGN (0x4)

.bss            0x0000000020000070       0xa8 load address 0x0000000008003134
                0x0000000020000070                _sbss = .
                0x0000000020000070                __bss_start__ = _sbss
 *(.bss)
 .bss           0x0000000020000070       0x1c /opt/Atollic_TrueSTUDIO_for_STM32_x86_64_9.1.0/ARMTools/bin/../lib/gcc/arm-atollic-eabi/6.3.1/armv7e-m/fpu/fpv5-d16/crtbegin.o
 *(.bss*)
 .bss.count     0x000000002000008c        0x1 Src/main.o
                0x000000002000008c                count
 *fill*         0x000000002000008d        0x3 
 .bss.__malloc_free_list
                0x0000000020000090        0x4 /opt/Atollic_TrueSTUDIO_for_STM32_x86_64_9.1.0/ARMTools/bin/../lib/gcc/arm-atollic-eabi/6.3.1/../../../../arm-atollic-eabi/lib/armv7e-m/fpu/fpv5-d16/libc_nano.a(lib_a-nano-mallocr.o)
                0x0000000020000090                __malloc_free_list
 .bss.__malloc_sbrk_start
                0x0000000020000094        0x4 /opt/Atollic_TrueSTUDIO_for_STM32_x86_64_9.1.0/ARMTools/bin/../lib/gcc/arm-atollic-eabi/6.3.1/../../../../arm-atollic-eabi/lib/armv7e-m/fpu/fpv5-d16/libc_nano.a(lib_a-nano-mallocr.o)
                0x0000000020000094                __malloc_sbrk_start
 .bss.heap_end.5239
                0x0000000020000098        0x4 /opt/Atollic_TrueSTUDIO_for_STM32_x86_64_9.1.0/ARMTools/bin/../lib/gcc/arm-atollic-eabi/6.3.1/../../../../arm-atollic-eabi/lib/armv7e-m/fpu/fpv5-d16/libnosys.a(sbrk.o)
 *(COMMON)
 COMMON         0x000000002000009c        0x4 Drivers/STM32F7xx_HAL_Driver/Src/stm32f7xx_hal.o
                0x000000002000009c                uwTick
 COMMON         0x00000000200000a0        0x1 Src/main.o
                0x00000000200000a0                aRxBuffer3
 *fill*         0x00000000200000a1        0x3 
 COMMON         0x00000000200000a4       0x70 Src/usart.o
                0x00000000200000a4                huart3
 COMMON         0x0000000020000114        0x4 /opt/Atollic_TrueSTUDIO_for_STM32_x86_64_9.1.0/ARMTools/bin/../lib/gcc/arm-atollic-eabi/6.3.1/../../../../arm-atollic-eabi/lib/armv7e-m/fpu/fpv5-d16/libc_nano.a(lib_a-reent.o)
                0x0000000020000114                errno
                0x0000000020000118                . = ALIGN (0x4)
                0x0000000020000118                _ebss = .
                0x0000000020000118                __bss_end__ = _ebss

._user_heap_stack
                0x0000000020000118      0x600 load address 0x0000000008003134
                0x0000000020000118                . = ALIGN (0x4)
                0x0000000020000118                PROVIDE (end, .)
                [!provide]                        PROVIDE (_end, .)
                0x0000000020000318                . = (. + _Min_Heap_Size)
 *fill*         0x0000000020000118      0x200 
                0x0000000020000718                . = (. + _Min_Stack_Size)
 *fill*         0x0000000020000318      0x400 
                0x0000000020000718                . = ALIGN (0x4)

/DISCARD/
 libc.a(*)
 libm.a(*)
 libgcc.a(*)

.ARM.attributes
                0x0000000000000000       0x2e
 *(.ARM.attributes)
 .ARM.attributes
                0x0000000000000000       0x20 /opt/Atollic_TrueSTUDIO_for_STM32_x86_64_9.1.0/ARMTools/bin/../lib/gcc/arm-atollic-eabi/6.3.1/armv7e-m/fpu/fpv5-d16/crti.o
 .ARM.attributes
                0x0000000000000020       0x32 /opt/Atollic_TrueSTUDIO_for_STM32_x86_64_9.1.0/ARMTools/bin/../lib/gcc/arm-atollic-eabi/6.3.1/armv7e-m/fpu/fpv5-d16/crtbegin.o
 .ARM.attributes
                0x0000000000000052       0x37 Drivers/STM32F7xx_HAL_Driver/Src/stm32f7xx_hal.o
 .ARM.attributes
                0x0000000000000089       0x37 Drivers/STM32F7xx_HAL_Driver/Src/stm32f7xx_hal_cortex.o
 .ARM.attributes
                0x00000000000000c0       0x37 Drivers/STM32F7xx_HAL_Driver/Src/stm32f7xx_hal_dma.o
 .ARM.attributes
                0x00000000000000f7       0x37 Drivers/STM32F7xx_HAL_Driver/Src/stm32f7xx_hal_gpio.o
 .ARM.attributes
                0x000000000000012e       0x37 Drivers/STM32F7xx_HAL_Driver/Src/stm32f7xx_hal_pwr_ex.o
 .ARM.attributes
                0x0000000000000165       0x37 Drivers/STM32F7xx_HAL_Driver/Src/stm32f7xx_hal_rcc.o
 .ARM.attributes
                0x000000000000019c       0x37 Drivers/STM32F7xx_HAL_Driver/Src/stm32f7xx_hal_rcc_ex.o
 .ARM.attributes
                0x00000000000001d3       0x37 Drivers/STM32F7xx_HAL_Driver/Src/stm32f7xx_hal_uart.o
 .ARM.attributes
                0x000000000000020a       0x37 Src/gpio.o
 .ARM.attributes
                0x0000000000000241       0x37 Src/main.o
 .ARM.attributes
                0x0000000000000278       0x37 Src/stm32f7xx_hal_msp.o
 .ARM.attributes
                0x00000000000002af       0x37 Src/stm32f7xx_it.o
 .ARM.attributes
                0x00000000000002e6       0x37 Src/system_stm32f7xx.o
 .ARM.attributes
                0x000000000000031d       0x37 Src/usart.o
 .ARM.attributes
                0x0000000000000354       0x21 startup/startup_stm32f767xx.o
 .ARM.attributes
                0x0000000000000375       0x32 /opt/Atollic_TrueSTUDIO_for_STM32_x86_64_9.1.0/ARMTools/bin/../lib/gcc/arm-atollic-eabi/6.3.1/../../../../arm-atollic-eabi/lib/armv7e-m/fpu/fpv5-d16/libc_nano.a(lib_a-init.o)
 .ARM.attributes
                0x00000000000003a7       0x32 /opt/Atollic_TrueSTUDIO_for_STM32_x86_64_9.1.0/ARMTools/bin/../lib/gcc/arm-atollic-eabi/6.3.1/../../../../arm-atollic-eabi/lib/armv7e-m/fpu/fpv5-d16/libc_nano.a(lib_a-printf.o)
 .ARM.attributes
                0x00000000000003d9       0x32 /opt/Atollic_TrueSTUDIO_for_STM32_x86_64_9.1.0/ARMTools/bin/../lib/gcc/arm-atollic-eabi/6.3.1/../../../../arm-atollic-eabi/lib/armv7e-m/fpu/fpv5-d16/libc_nano.a(lib_a-findfp.o)
 .ARM.attributes
                0x000000000000040b       0x32 /opt/Atollic_TrueSTUDIO_for_STM32_x86_64_9.1.0/ARMTools/bin/../lib/gcc/arm-atollic-eabi/6.3.1/../../../../arm-atollic-eabi/lib/armv7e-m/fpu/fpv5-d16/libc_nano.a(lib_a-fwalk.o)
 .ARM.attributes
                0x000000000000043d       0x32 /opt/Atollic_TrueSTUDIO_for_STM32_x86_64_9.1.0/ARMTools/bin/../lib/gcc/arm-atollic-eabi/6.3.1/../../../../arm-atollic-eabi/lib/armv7e-m/fpu/fpv5-d16/libc_nano.a(lib_a-impure.o)
 .ARM.attributes
                0x000000000000046f       0x32 /opt/Atollic_TrueSTUDIO_for_STM32_x86_64_9.1.0/ARMTools/bin/../lib/gcc/arm-atollic-eabi/6.3.1/../../../../arm-atollic-eabi/lib/armv7e-m/fpu/fpv5-d16/libc_nano.a(lib_a-memset.o)
 .ARM.attributes
                0x00000000000004a1       0x32 /opt/Atollic_TrueSTUDIO_for_STM32_x86_64_9.1.0/ARMTools/bin/../lib/gcc/arm-atollic-eabi/6.3.1/../../../../arm-atollic-eabi/lib/armv7e-m/fpu/fpv5-d16/libc_nano.a(lib_a-nano-mallocr.o)
 .ARM.attributes
                0x00000000000004d3       0x32 /opt/Atollic_TrueSTUDIO_for_STM32_x86_64_9.1.0/ARMTools/bin/../lib/gcc/arm-atollic-eabi/6.3.1/../../../../arm-atollic-eabi/lib/armv7e-m/fpu/fpv5-d16/libc_nano.a(lib_a-nano-vfprintf.o)
 .ARM.attributes
                0x0000000000000505       0x32 /opt/Atollic_TrueSTUDIO_for_STM32_x86_64_9.1.0/ARMTools/bin/../lib/gcc/arm-atollic-eabi/6.3.1/../../../../arm-atollic-eabi/lib/armv7e-m/fpu/fpv5-d16/libc_nano.a(lib_a-nano-vfprintf_i.o)
 .ARM.attributes
                0x0000000000000537       0x32 /opt/Atollic_TrueSTUDIO_for_STM32_x86_64_9.1.0/ARMTools/bin/../lib/gcc/arm-atollic-eabi/6.3.1/../../../../arm-atollic-eabi/lib/armv7e-m/fpu/fpv5-d16/libc_nano.a(lib_a-sbrkr.o)
 .ARM.attributes
                0x0000000000000569       0x32 /opt/Atollic_TrueSTUDIO_for_STM32_x86_64_9.1.0/ARMTools/bin/../lib/gcc/arm-atollic-eabi/6.3.1/../../../../arm-atollic-eabi/lib/armv7e-m/fpu/fpv5-d16/libc_nano.a(lib_a-stdio.o)
 .ARM.attributes
                0x000000000000059b       0x32 /opt/Atollic_TrueSTUDIO_for_STM32_x86_64_9.1.0/ARMTools/bin/../lib/gcc/arm-atollic-eabi/6.3.1/../../../../arm-atollic-eabi/lib/armv7e-m/fpu/fpv5-d16/libc_nano.a(lib_a-wbuf.o)
 .ARM.attributes
                0x00000000000005cd       0x32 /opt/Atollic_TrueSTUDIO_for_STM32_x86_64_9.1.0/ARMTools/bin/../lib/gcc/arm-atollic-eabi/6.3.1/../../../../arm-atollic-eabi/lib/armv7e-m/fpu/fpv5-d16/libc_nano.a(lib_a-writer.o)
 .ARM.attributes
                0x00000000000005ff       0x32 /opt/Atollic_TrueSTUDIO_for_STM32_x86_64_9.1.0/ARMTools/bin/../lib/gcc/arm-atollic-eabi/6.3.1/../../../../arm-atollic-eabi/lib/armv7e-m/fpu/fpv5-d16/libc_nano.a(lib_a-wsetup.o)
 .ARM.attributes
                0x0000000000000631       0x32 /opt/Atollic_TrueSTUDIO_for_STM32_x86_64_9.1.0/ARMTools/bin/../lib/gcc/arm-atollic-eabi/6.3.1/../../../../arm-atollic-eabi/lib/armv7e-m/fpu/fpv5-d16/libc_nano.a(lib_a-closer.o)
 .ARM.attributes
                0x0000000000000663       0x32 /opt/Atollic_TrueSTUDIO_for_STM32_x86_64_9.1.0/ARMTools/bin/../lib/gcc/arm-atollic-eabi/6.3.1/../../../../arm-atollic-eabi/lib/armv7e-m/fpu/fpv5-d16/libc_nano.a(lib_a-fflush.o)
 .ARM.attributes
                0x0000000000000695       0x32 /opt/Atollic_TrueSTUDIO_for_STM32_x86_64_9.1.0/ARMTools/bin/../lib/gcc/arm-atollic-eabi/6.3.1/../../../../arm-atollic-eabi/lib/armv7e-m/fpu/fpv5-d16/libc_nano.a(lib_a-lseekr.o)
 .ARM.attributes
                0x00000000000006c7       0x32 /opt/Atollic_TrueSTUDIO_for_STM32_x86_64_9.1.0/ARMTools/bin/../lib/gcc/arm-atollic-eabi/6.3.1/../../../../arm-atollic-eabi/lib/armv7e-m/fpu/fpv5-d16/libc_nano.a(lib_a-makebuf.o)
 .ARM.attributes
                0x00000000000006f9       0x1e /opt/Atollic_TrueSTUDIO_for_STM32_x86_64_9.1.0/ARMTools/bin/../lib/gcc/arm-atollic-eabi/6.3.1/../../../../arm-atollic-eabi/lib/armv7e-m/fpu/fpv5-d16/libc_nano.a(lib_a-memchr.o)
 .ARM.attributes
                0x0000000000000717       0x32 /opt/Atollic_TrueSTUDIO_for_STM32_x86_64_9.1.0/ARMTools/bin/../lib/gcc/arm-atollic-eabi/6.3.1/../../../../arm-atollic-eabi/lib/armv7e-m/fpu/fpv5-d16/libc_nano.a(lib_a-mlock.o)
 .ARM.attributes
                0x0000000000000749       0x32 /opt/Atollic_TrueSTUDIO_for_STM32_x86_64_9.1.0/ARMTools/bin/../lib/gcc/arm-atollic-eabi/6.3.1/../../../../arm-atollic-eabi/lib/armv7e-m/fpu/fpv5-d16/libc_nano.a(lib_a-nano-freer.o)
 .ARM.attributes
                0x000000000000077b       0x32 /opt/Atollic_TrueSTUDIO_for_STM32_x86_64_9.1.0/ARMTools/bin/../lib/gcc/arm-atollic-eabi/6.3.1/../../../../arm-atollic-eabi/lib/armv7e-m/fpu/fpv5-d16/libc_nano.a(lib_a-readr.o)
 .ARM.attributes
                0x00000000000007ad       0x32 /opt/Atollic_TrueSTUDIO_for_STM32_x86_64_9.1.0/ARMTools/bin/../lib/gcc/arm-atollic-eabi/6.3.1/../../../../arm-atollic-eabi/lib/armv7e-m/fpu/fpv5-d16/libc_nano.a(lib_a-reent.o)
 .ARM.attributes
                0x00000000000007df       0x32 /opt/Atollic_TrueSTUDIO_for_STM32_x86_64_9.1.0/ARMTools/bin/../lib/gcc/arm-atollic-eabi/6.3.1/../../../../arm-atollic-eabi/lib/armv7e-m/fpu/fpv5-d16/libc_nano.a(lib_a-fstatr.o)
 .ARM.attributes
                0x0000000000000811       0x32 /opt/Atollic_TrueSTUDIO_for_STM32_x86_64_9.1.0/ARMTools/bin/../lib/gcc/arm-atollic-eabi/6.3.1/../../../../arm-atollic-eabi/lib/armv7e-m/fpu/fpv5-d16/libc_nano.a(lib_a-isattyr.o)
 .ARM.attributes
                0x0000000000000843       0x20 /opt/Atollic_TrueSTUDIO_for_STM32_x86_64_9.1.0/ARMTools/bin/../lib/gcc/arm-atollic-eabi/6.3.1/armv7e-m/fpu/fpv5-d16/libgcc.a(_aeabi_uldivmod.o)
 .ARM.attributes
                0x0000000000000863       0x32 /opt/Atollic_TrueSTUDIO_for_STM32_x86_64_9.1.0/ARMTools/bin/../lib/gcc/arm-atollic-eabi/6.3.1/armv7e-m/fpu/fpv5-d16/libgcc.a(_udivmoddi4.o)
 .ARM.attributes
                0x0000000000000895       0x20 /opt/Atollic_TrueSTUDIO_for_STM32_x86_64_9.1.0/ARMTools/bin/../lib/gcc/arm-atollic-eabi/6.3.1/armv7e-m/fpu/fpv5-d16/libgcc.a(_dvmd_tls.o)
 .ARM.attributes
                0x00000000000008b5       0x32 /opt/Atollic_TrueSTUDIO_for_STM32_x86_64_9.1.0/ARMTools/bin/../lib/gcc/arm-atollic-eabi/6.3.1/../../../../arm-atollic-eabi/lib/armv7e-m/fpu/fpv5-d16/libnosys.a(close.o)
 .ARM.attributes
                0x00000000000008e7       0x32 /opt/Atollic_TrueSTUDIO_for_STM32_x86_64_9.1.0/ARMTools/bin/../lib/gcc/arm-atollic-eabi/6.3.1/../../../../arm-atollic-eabi/lib/armv7e-m/fpu/fpv5-d16/libnosys.a(fstat.o)
 .ARM.attributes
                0x0000000000000919       0x32 /opt/Atollic_TrueSTUDIO_for_STM32_x86_64_9.1.0/ARMTools/bin/../lib/gcc/arm-atollic-eabi/6.3.1/../../../../arm-atollic-eabi/lib/armv7e-m/fpu/fpv5-d16/libnosys.a(isatty.o)
 .ARM.attributes
                0x000000000000094b       0x32 /opt/Atollic_TrueSTUDIO_for_STM32_x86_64_9.1.0/ARMTools/bin/../lib/gcc/arm-atollic-eabi/6.3.1/../../../../arm-atollic-eabi/lib/armv7e-m/fpu/fpv5-d16/libnosys.a(lseek.o)
 .ARM.attributes
                0x000000000000097d       0x32 /opt/Atollic_TrueSTUDIO_for_STM32_x86_64_9.1.0/ARMTools/bin/../lib/gcc/arm-atollic-eabi/6.3.1/../../../../arm-atollic-eabi/lib/armv7e-m/fpu/fpv5-d16/libnosys.a(read.o)
 .ARM.attributes
                0x00000000000009af       0x32 /opt/Atollic_TrueSTUDIO_for_STM32_x86_64_9.1.0/ARMTools/bin/../lib/gcc/arm-atollic-eabi/6.3.1/../../../../arm-atollic-eabi/lib/armv7e-m/fpu/fpv5-d16/libnosys.a(sbrk.o)
 .ARM.attributes
                0x00000000000009e1       0x20 /opt/Atollic_TrueSTUDIO_for_STM32_x86_64_9.1.0/ARMTools/bin/../lib/gcc/arm-atollic-eabi/6.3.1/armv7e-m/fpu/fpv5-d16/crtn.o
OUTPUT(stm32f767_1.elf elf32-littlearm)

.debug_info     0x0000000000000000    0x112a6
 .debug_info    0x0000000000000000     0x1303 Drivers/STM32F7xx_HAL_Driver/Src/stm32f7xx_hal.o
 .debug_info    0x0000000000001303     0x19a8 Drivers/STM32F7xx_HAL_Driver/Src/stm32f7xx_hal_cortex.o
 .debug_info    0x0000000000002cab     0x125c Drivers/STM32F7xx_HAL_Driver/Src/stm32f7xx_hal_dma.o
 .debug_info    0x0000000000003f07      0xfbc Drivers/STM32F7xx_HAL_Driver/Src/stm32f7xx_hal_gpio.o
 .debug_info    0x0000000000004ec3     0x122c Drivers/STM32F7xx_HAL_Driver/Src/stm32f7xx_hal_pwr_ex.o
 .debug_info    0x00000000000060ef     0x1367 Drivers/STM32F7xx_HAL_Driver/Src/stm32f7xx_hal_rcc.o
 .debug_info    0x0000000000007456     0x108a Drivers/STM32F7xx_HAL_Driver/Src/stm32f7xx_hal_rcc_ex.o
 .debug_info    0x00000000000084e0     0x20b0 Drivers/STM32F7xx_HAL_Driver/Src/stm32f7xx_hal_uart.o
 .debug_info    0x000000000000a590      0xe44 Src/gpio.o
 .debug_info    0x000000000000b3d4     0x1a84 Src/main.o
 .debug_info    0x000000000000ce58      0xf0e Src/stm32f7xx_hal_msp.o
 .debug_info    0x000000000000dd66      0xf56 Src/stm32f7xx_it.o
 .debug_info    0x000000000000ecbc      0xf05 Src/system_stm32f7xx.o
 .debug_info    0x000000000000fbc1     0x1675 Src/usart.o
 .debug_info    0x0000000000011236       0x70 startup/startup_stm32f767xx.o

.debug_abbrev   0x0000000000000000     0x2579
 .debug_abbrev  0x0000000000000000      0x2f9 Drivers/STM32F7xx_HAL_Driver/Src/stm32f7xx_hal.o
 .debug_abbrev  0x00000000000002f9      0x399 Drivers/STM32F7xx_HAL_Driver/Src/stm32f7xx_hal_cortex.o
 .debug_abbrev  0x0000000000000692      0x34a Drivers/STM32F7xx_HAL_Driver/Src/stm32f7xx_hal_dma.o
 .debug_abbrev  0x00000000000009dc      0x268 Drivers/STM32F7xx_HAL_Driver/Src/stm32f7xx_hal_gpio.o
 .debug_abbrev  0x0000000000000c44      0x2b6 Drivers/STM32F7xx_HAL_Driver/Src/stm32f7xx_hal_pwr_ex.o
 .debug_abbrev  0x0000000000000efa      0x35e Drivers/STM32F7xx_HAL_Driver/Src/stm32f7xx_hal_rcc.o
 .debug_abbrev  0x0000000000001258      0x25f Drivers/STM32F7xx_HAL_Driver/Src/stm32f7xx_hal_rcc_ex.o
 .debug_abbrev  0x00000000000014b7      0x3a6 Drivers/STM32F7xx_HAL_Driver/Src/stm32f7xx_hal_uart.o
 .debug_abbrev  0x000000000000185d      0x1f7 Src/gpio.o
 .debug_abbrev  0x0000000000001a54      0x296 Src/main.o
 .debug_abbrev  0x0000000000001cea      0x200 Src/stm32f7xx_hal_msp.o
 .debug_abbrev  0x0000000000001eea      0x222 Src/stm32f7xx_it.o
 .debug_abbrev  0x000000000000210c      0x1e6 Src/system_stm32f7xx.o
 .debug_abbrev  0x00000000000022f2      0x275 Src/usart.o
 .debug_abbrev  0x0000000000002567       0x12 startup/startup_stm32f767xx.o

.debug_loc      0x0000000000000000     0x3342
 .debug_loc     0x0000000000000000      0x11b Drivers/STM32F7xx_HAL_Driver/Src/stm32f7xx_hal.o
 .debug_loc     0x000000000000011b      0x536 Drivers/STM32F7xx_HAL_Driver/Src/stm32f7xx_hal_cortex.o
 .debug_loc     0x0000000000000651      0x7ed Drivers/STM32F7xx_HAL_Driver/Src/stm32f7xx_hal_dma.o
 .debug_loc     0x0000000000000e3e      0x3cd Drivers/STM32F7xx_HAL_Driver/Src/stm32f7xx_hal_gpio.o
 .debug_loc     0x000000000000120b      0x1c2 Drivers/STM32F7xx_HAL_Driver/Src/stm32f7xx_hal_pwr_ex.o
 .debug_loc     0x00000000000013cd      0x40a Drivers/STM32F7xx_HAL_Driver/Src/stm32f7xx_hal_rcc.o
 .debug_loc     0x00000000000017d7      0x5dc Drivers/STM32F7xx_HAL_Driver/Src/stm32f7xx_hal_rcc_ex.o
 .debug_loc     0x0000000000001db3     0x131b Drivers/STM32F7xx_HAL_Driver/Src/stm32f7xx_hal_uart.o
 .debug_loc     0x00000000000030ce       0x42 Src/main.o
 .debug_loc     0x0000000000003110      0x11c Src/system_stm32f7xx.o
 .debug_loc     0x000000000000322c      0x116 Src/usart.o

.debug_aranges  0x0000000000000000      0x680
 .debug_aranges
                0x0000000000000000      0x108 Drivers/STM32F7xx_HAL_Driver/Src/stm32f7xx_hal.o
 .debug_aranges
                0x0000000000000108       0xa8 Drivers/STM32F7xx_HAL_Driver/Src/stm32f7xx_hal_cortex.o
 .debug_aranges
                0x00000000000001b0       0x80 Drivers/STM32F7xx_HAL_Driver/Src/stm32f7xx_hal_dma.o
 .debug_aranges
                0x0000000000000230       0x58 Drivers/STM32F7xx_HAL_Driver/Src/stm32f7xx_hal_gpio.o
 .debug_aranges
                0x0000000000000288       0x80 Drivers/STM32F7xx_HAL_Driver/Src/stm32f7xx_hal_pwr_ex.o
 .debug_aranges
                0x0000000000000308       0x88 Drivers/STM32F7xx_HAL_Driver/Src/stm32f7xx_hal_rcc.o
 .debug_aranges
                0x0000000000000390       0x50 Drivers/STM32F7xx_HAL_Driver/Src/stm32f7xx_hal_rcc_ex.o
 .debug_aranges
                0x00000000000003e0      0x148 Drivers/STM32F7xx_HAL_Driver/Src/stm32f7xx_hal_uart.o
 .debug_aranges
                0x0000000000000528       0x20 Src/gpio.o
 .debug_aranges
                0x0000000000000548       0x38 Src/main.o
 .debug_aranges
                0x0000000000000580       0x20 Src/stm32f7xx_hal_msp.o
 .debug_aranges
                0x00000000000005a0       0x50 Src/stm32f7xx_it.o
 .debug_aranges
                0x00000000000005f0       0x28 Src/system_stm32f7xx.o
 .debug_aranges
                0x0000000000000618       0x40 Src/usart.o
 .debug_aranges
                0x0000000000000658       0x28 startup/startup_stm32f767xx.o

.debug_ranges   0x0000000000000000      0x8c0
 .debug_ranges  0x0000000000000000       0xf8 Drivers/STM32F7xx_HAL_Driver/Src/stm32f7xx_hal.o
 .debug_ranges  0x00000000000000f8      0x138 Drivers/STM32F7xx_HAL_Driver/Src/stm32f7xx_hal_cortex.o
 .debug_ranges  0x0000000000000230       0xd0 Drivers/STM32F7xx_HAL_Driver/Src/stm32f7xx_hal_dma.o
 .debug_ranges  0x0000000000000300       0x70 Drivers/STM32F7xx_HAL_Driver/Src/stm32f7xx_hal_gpio.o
 .debug_ranges  0x0000000000000370       0xe8 Drivers/STM32F7xx_HAL_Driver/Src/stm32f7xx_hal_pwr_ex.o
 .debug_ranges  0x0000000000000458       0xf0 Drivers/STM32F7xx_HAL_Driver/Src/stm32f7xx_hal_rcc.o
 .debug_ranges  0x0000000000000548       0x58 Drivers/STM32F7xx_HAL_Driver/Src/stm32f7xx_hal_rcc_ex.o
 .debug_ranges  0x00000000000005a0      0x138 Drivers/STM32F7xx_HAL_Driver/Src/stm32f7xx_hal_uart.o
 .debug_ranges  0x00000000000006d8       0x80 Src/gpio.o
 .debug_ranges  0x0000000000000758       0x70 Src/main.o
 .debug_ranges  0x00000000000007c8       0x30 Src/stm32f7xx_hal_msp.o
 .debug_ranges  0x00000000000007f8       0x40 Src/stm32f7xx_it.o
 .debug_ranges  0x0000000000000838       0x18 Src/system_stm32f7xx.o
 .debug_ranges  0x0000000000000850       0x50 Src/usart.o
 .debug_ranges  0x00000000000008a0       0x20 startup/startup_stm32f767xx.o

.debug_line     0x0000000000000000     0x41f2
 .debug_line    0x0000000000000000      0x4c1 Drivers/STM32F7xx_HAL_Driver/Src/stm32f7xx_hal.o
 .debug_line    0x00000000000004c1      0x4c2 Drivers/STM32F7xx_HAL_Driver/Src/stm32f7xx_hal_cortex.o
 .debug_line    0x0000000000000983      0x5ed Drivers/STM32F7xx_HAL_Driver/Src/stm32f7xx_hal_dma.o
 .debug_line    0x0000000000000f70      0x487 Drivers/STM32F7xx_HAL_Driver/Src/stm32f7xx_hal_gpio.o
 .debug_line    0x00000000000013f7      0x41b Drivers/STM32F7xx_HAL_Driver/Src/stm32f7xx_hal_pwr_ex.o
 .debug_line    0x0000000000001812      0x635 Drivers/STM32F7xx_HAL_Driver/Src/stm32f7xx_hal_rcc.o
 .debug_line    0x0000000000001e47      0x4f0 Drivers/STM32F7xx_HAL_Driver/Src/stm32f7xx_hal_rcc_ex.o
 .debug_line    0x0000000000002337      0xc1a Drivers/STM32F7xx_HAL_Driver/Src/stm32f7xx_hal_uart.o
 .debug_line    0x0000000000002f51      0x2d8 Src/gpio.o
 .debug_line    0x0000000000003229      0x42c Src/main.o
 .debug_line    0x0000000000003655      0x26d Src/stm32f7xx_hal_msp.o
 .debug_line    0x00000000000038c2      0x318 Src/stm32f7xx_it.o
 .debug_line    0x0000000000003bda      0x253 Src/system_stm32f7xx.o
 .debug_line    0x0000000000003e2d      0x346 Src/usart.o
 .debug_line    0x0000000000004173       0x7f startup/startup_stm32f767xx.o

.debug_str      0x0000000000000000     0x2f36
 .debug_str     0x0000000000000000     0x1101 Drivers/STM32F7xx_HAL_Driver/Src/stm32f7xx_hal.o
                                       0x11a2 (size before relaxing)
 .debug_str     0x0000000000001101      0x48e Drivers/STM32F7xx_HAL_Driver/Src/stm32f7xx_hal_cortex.o
                                       0x12a5 (size before relaxing)
 .debug_str     0x000000000000158f      0x534 Drivers/STM32F7xx_HAL_Driver/Src/stm32f7xx_hal_dma.o
                                        0xbe2 (size before relaxing)
 .debug_str     0x0000000000001ac3      0x1ad Drivers/STM32F7xx_HAL_Driver/Src/stm32f7xx_hal_gpio.o
                                        0x979 (size before relaxing)
 .debug_str     0x0000000000001c70      0x21a Drivers/STM32F7xx_HAL_Driver/Src/stm32f7xx_hal_pwr_ex.o
                                        0xad4 (size before relaxing)
 .debug_str     0x0000000000001e8a      0x30c Drivers/STM32F7xx_HAL_Driver/Src/stm32f7xx_hal_rcc.o
                                        0xb60 (size before relaxing)
 .debug_str     0x0000000000002196      0x3fb Drivers/STM32F7xx_HAL_Driver/Src/stm32f7xx_hal_rcc_ex.o
                                        0xbb5 (size before relaxing)
 .debug_str     0x0000000000002591      0x7c8 Drivers/STM32F7xx_HAL_Driver/Src/stm32f7xx_hal_uart.o
                                       0x128b (size before relaxing)
 .debug_str     0x0000000000002d59       0x1b Src/gpio.o
                                        0x812 (size before relaxing)
 .debug_str     0x0000000000002d74       0x7b Src/main.o
                                       0x181e (size before relaxing)
 .debug_str     0x0000000000002def       0x1b Src/stm32f7xx_hal_msp.o
                                        0xdd2 (size before relaxing)
 .debug_str     0x0000000000002e0a       0xb8 Src/stm32f7xx_it.o
                                        0xbdd (size before relaxing)
 .debug_str     0x0000000000002ec2       0x45 Src/system_stm32f7xx.o
                                        0x8a6 (size before relaxing)
 .debug_str     0x0000000000002f07       0x2f Src/usart.o
                                       0x13d0 (size before relaxing)

.comment        0x0000000000000000       0x7c
 .comment       0x0000000000000000       0x7c Drivers/STM32F7xx_HAL_Driver/Src/stm32f7xx_hal.o
                                         0x7d (size before relaxing)
 .comment       0x000000000000007c       0x7d Drivers/STM32F7xx_HAL_Driver/Src/stm32f7xx_hal_cortex.o
 .comment       0x000000000000007c       0x7d Drivers/STM32F7xx_HAL_Driver/Src/stm32f7xx_hal_dma.o
 .comment       0x000000000000007c       0x7d Drivers/STM32F7xx_HAL_Driver/Src/stm32f7xx_hal_gpio.o
 .comment       0x000000000000007c       0x7d Drivers/STM32F7xx_HAL_Driver/Src/stm32f7xx_hal_pwr_ex.o
 .comment       0x000000000000007c       0x7d Drivers/STM32F7xx_HAL_Driver/Src/stm32f7xx_hal_rcc.o
 .comment       0x000000000000007c       0x7d Drivers/STM32F7xx_HAL_Driver/Src/stm32f7xx_hal_rcc_ex.o
 .comment       0x000000000000007c       0x7d Drivers/STM32F7xx_HAL_Driver/Src/stm32f7xx_hal_uart.o
 .comment       0x000000000000007c       0x7d Src/gpio.o
 .comment       0x000000000000007c       0x7d Src/main.o
 .comment       0x000000000000007c       0x7d Src/stm32f7xx_hal_msp.o
 .comment       0x000000000000007c       0x7d Src/stm32f7xx_it.o
 .comment       0x000000000000007c       0x7d Src/system_stm32f7xx.o
 .comment       0x000000000000007c       0x7d Src/usart.o

.debug_frame    0x0000000000000000     0x17dc
 .debug_frame   0x0000000000000000      0x230 Drivers/STM32F7xx_HAL_Driver/Src/stm32f7xx_hal.o
 .debug_frame   0x0000000000000230      0x158 Drivers/STM32F7xx_HAL_Driver/Src/stm32f7xx_hal_cortex.o
 .debug_frame   0x0000000000000388      0x150 Drivers/STM32F7xx_HAL_Driver/Src/stm32f7xx_hal_dma.o
 .debug_frame   0x00000000000004d8       0xd8 Drivers/STM32F7xx_HAL_Driver/Src/stm32f7xx_hal_gpio.o
 .debug_frame   0x00000000000005b0      0x13c Drivers/STM32F7xx_HAL_Driver/Src/stm32f7xx_hal_pwr_ex.o
 .debug_frame   0x00000000000006ec      0x148 Drivers/STM32F7xx_HAL_Driver/Src/stm32f7xx_hal_rcc.o
 .debug_frame   0x0000000000000834       0xcc Drivers/STM32F7xx_HAL_Driver/Src/stm32f7xx_hal_rcc_ex.o
 .debug_frame   0x0000000000000900      0x424 Drivers/STM32F7xx_HAL_Driver/Src/stm32f7xx_hal_uart.o
 .debug_frame   0x0000000000000d24       0x3c Src/gpio.o
 .debug_frame   0x0000000000000d60       0x84 Src/main.o
 .debug_frame   0x0000000000000de4       0x2c Src/stm32f7xx_hal_msp.o
 .debug_frame   0x0000000000000e10       0xbc Src/stm32f7xx_it.o
 .debug_frame   0x0000000000000ecc       0x38 Src/system_stm32f7xx.o
 .debug_frame   0x0000000000000f04       0xa4 Src/usart.o
 .debug_frame   0x0000000000000fa8       0x2c /opt/Atollic_TrueSTUDIO_for_STM32_x86_64_9.1.0/ARMTools/bin/../lib/gcc/arm-atollic-eabi/6.3.1/../../../../arm-atollic-eabi/lib/armv7e-m/fpu/fpv5-d16/libc_nano.a(lib_a-init.o)
 .debug_frame   0x0000000000000fd4       0x74 /opt/Atollic_TrueSTUDIO_for_STM32_x86_64_9.1.0/ARMTools/bin/../lib/gcc/arm-atollic-eabi/6.3.1/../../../../arm-atollic-eabi/lib/armv7e-m/fpu/fpv5-d16/libc_nano.a(lib_a-printf.o)
 .debug_frame   0x0000000000001048      0x11c /opt/Atollic_TrueSTUDIO_for_STM32_x86_64_9.1.0/ARMTools/bin/../lib/gcc/arm-atollic-eabi/6.3.1/../../../../arm-atollic-eabi/lib/armv7e-m/fpu/fpv5-d16/libc_nano.a(lib_a-findfp.o)
 .debug_frame   0x0000000000001164       0x54 /opt/Atollic_TrueSTUDIO_for_STM32_x86_64_9.1.0/ARMTools/bin/../lib/gcc/arm-atollic-eabi/6.3.1/../../../../arm-atollic-eabi/lib/armv7e-m/fpu/fpv5-d16/libc_nano.a(lib_a-fwalk.o)
 .debug_frame   0x00000000000011b8       0x20 /opt/Atollic_TrueSTUDIO_for_STM32_x86_64_9.1.0/ARMTools/bin/../lib/gcc/arm-atollic-eabi/6.3.1/../../../../arm-atollic-eabi/lib/armv7e-m/fpu/fpv5-d16/libc_nano.a(lib_a-memset.o)
 .debug_frame   0x00000000000011d8       0x2c /opt/Atollic_TrueSTUDIO_for_STM32_x86_64_9.1.0/ARMTools/bin/../lib/gcc/arm-atollic-eabi/6.3.1/../../../../arm-atollic-eabi/lib/armv7e-m/fpu/fpv5-d16/libc_nano.a(lib_a-nano-mallocr.o)
 .debug_frame   0x0000000000001204       0xac /opt/Atollic_TrueSTUDIO_for_STM32_x86_64_9.1.0/ARMTools/bin/../lib/gcc/arm-atollic-eabi/6.3.1/../../../../arm-atollic-eabi/lib/armv7e-m/fpu/fpv5-d16/libc_nano.a(lib_a-nano-vfprintf.o)
 .debug_frame   0x00000000000012b0       0x60 /opt/Atollic_TrueSTUDIO_for_STM32_x86_64_9.1.0/ARMTools/bin/../lib/gcc/arm-atollic-eabi/6.3.1/../../../../arm-atollic-eabi/lib/armv7e-m/fpu/fpv5-d16/libc_nano.a(lib_a-nano-vfprintf_i.o)
 .debug_frame   0x0000000000001310       0x2c /opt/Atollic_TrueSTUDIO_for_STM32_x86_64_9.1.0/ARMTools/bin/../lib/gcc/arm-atollic-eabi/6.3.1/../../../../arm-atollic-eabi/lib/armv7e-m/fpu/fpv5-d16/libc_nano.a(lib_a-sbrkr.o)
 .debug_frame   0x000000000000133c       0x88 /opt/Atollic_TrueSTUDIO_for_STM32_x86_64_9.1.0/ARMTools/bin/../lib/gcc/arm-atollic-eabi/6.3.1/../../../../arm-atollic-eabi/lib/armv7e-m/fpu/fpv5-d16/libc_nano.a(lib_a-stdio.o)
 .debug_frame   0x00000000000013c4       0x40 /opt/Atollic_TrueSTUDIO_for_STM32_x86_64_9.1.0/ARMTools/bin/../lib/gcc/arm-atollic-eabi/6.3.1/../../../../arm-atollic-eabi/lib/armv7e-m/fpu/fpv5-d16/libc_nano.a(lib_a-wbuf.o)
 .debug_frame   0x0000000000001404       0x2c /opt/Atollic_TrueSTUDIO_for_STM32_x86_64_9.1.0/ARMTools/bin/../lib/gcc/arm-atollic-eabi/6.3.1/../../../../arm-atollic-eabi/lib/armv7e-m/fpu/fpv5-d16/libc_nano.a(lib_a-writer.o)
 .debug_frame   0x0000000000001430       0x2c /opt/Atollic_TrueSTUDIO_for_STM32_x86_64_9.1.0/ARMTools/bin/../lib/gcc/arm-atollic-eabi/6.3.1/../../../../arm-atollic-eabi/lib/armv7e-m/fpu/fpv5-d16/libc_nano.a(lib_a-wsetup.o)
 .debug_frame   0x000000000000145c       0x2c /opt/Atollic_TrueSTUDIO_for_STM32_x86_64_9.1.0/ARMTools/bin/../lib/gcc/arm-atollic-eabi/6.3.1/../../../../arm-atollic-eabi/lib/armv7e-m/fpu/fpv5-d16/libc_nano.a(lib_a-closer.o)
 .debug_frame   0x0000000000001488       0x68 /opt/Atollic_TrueSTUDIO_for_STM32_x86_64_9.1.0/ARMTools/bin/../lib/gcc/arm-atollic-eabi/6.3.1/../../../../arm-atollic-eabi/lib/armv7e-m/fpu/fpv5-d16/libc_nano.a(lib_a-fflush.o)
 .debug_frame   0x00000000000014f0       0x2c /opt/Atollic_TrueSTUDIO_for_STM32_x86_64_9.1.0/ARMTools/bin/../lib/gcc/arm-atollic-eabi/6.3.1/../../../../arm-atollic-eabi/lib/armv7e-m/fpu/fpv5-d16/libc_nano.a(lib_a-lseekr.o)
 .debug_frame   0x000000000000151c       0x58 /opt/Atollic_TrueSTUDIO_for_STM32_x86_64_9.1.0/ARMTools/bin/../lib/gcc/arm-atollic-eabi/6.3.1/../../../../arm-atollic-eabi/lib/armv7e-m/fpu/fpv5-d16/libc_nano.a(lib_a-makebuf.o)
 .debug_frame   0x0000000000001574       0x30 /opt/Atollic_TrueSTUDIO_for_STM32_x86_64_9.1.0/ARMTools/bin/../lib/gcc/arm-atollic-eabi/6.3.1/../../../../arm-atollic-eabi/lib/armv7e-m/fpu/fpv5-d16/libc_nano.a(lib_a-mlock.o)
 .debug_frame   0x00000000000015a4       0x38 /opt/Atollic_TrueSTUDIO_for_STM32_x86_64_9.1.0/ARMTools/bin/../lib/gcc/arm-atollic-eabi/6.3.1/../../../../arm-atollic-eabi/lib/armv7e-m/fpu/fpv5-d16/libc_nano.a(lib_a-nano-freer.o)
 .debug_frame   0x00000000000015dc       0x2c /opt/Atollic_TrueSTUDIO_for_STM32_x86_64_9.1.0/ARMTools/bin/../lib/gcc/arm-atollic-eabi/6.3.1/../../../../arm-atollic-eabi/lib/armv7e-m/fpu/fpv5-d16/libc_nano.a(lib_a-readr.o)
 .debug_frame   0x0000000000001608       0x5c /opt/Atollic_TrueSTUDIO_for_STM32_x86_64_9.1.0/ARMTools/bin/../lib/gcc/arm-atollic-eabi/6.3.1/../../../../arm-atollic-eabi/lib/armv7e-m/fpu/fpv5-d16/libc_nano.a(lib_a-reent.o)
 .debug_frame   0x0000000000001664       0x2c /opt/Atollic_TrueSTUDIO_for_STM32_x86_64_9.1.0/ARMTools/bin/../lib/gcc/arm-atollic-eabi/6.3.1/../../../../arm-atollic-eabi/lib/armv7e-m/fpu/fpv5-d16/libc_nano.a(lib_a-fstatr.o)
 .debug_frame   0x0000000000001690       0x2c /opt/Atollic_TrueSTUDIO_for_STM32_x86_64_9.1.0/ARMTools/bin/../lib/gcc/arm-atollic-eabi/6.3.1/../../../../arm-atollic-eabi/lib/armv7e-m/fpu/fpv5-d16/libc_nano.a(lib_a-isattyr.o)
 .debug_frame   0x00000000000016bc       0x2c /opt/Atollic_TrueSTUDIO_for_STM32_x86_64_9.1.0/ARMTools/bin/../lib/gcc/arm-atollic-eabi/6.3.1/armv7e-m/fpu/fpv5-d16/libgcc.a(_aeabi_uldivmod.o)
 .debug_frame   0x00000000000016e8       0x34 /opt/Atollic_TrueSTUDIO_for_STM32_x86_64_9.1.0/ARMTools/bin/../lib/gcc/arm-atollic-eabi/6.3.1/armv7e-m/fpu/fpv5-d16/libgcc.a(_udivmoddi4.o)
 .debug_frame   0x000000000000171c       0x20 /opt/Atollic_TrueSTUDIO_for_STM32_x86_64_9.1.0/ARMTools/bin/../lib/gcc/arm-atollic-eabi/6.3.1/../../../../arm-atollic-eabi/lib/armv7e-m/fpu/fpv5-d16/libnosys.a(close.o)
 .debug_frame   0x000000000000173c       0x20 /opt/Atollic_TrueSTUDIO_for_STM32_x86_64_9.1.0/ARMTools/bin/../lib/gcc/arm-atollic-eabi/6.3.1/../../../../arm-atollic-eabi/lib/armv7e-m/fpu/fpv5-d16/libnosys.a(fstat.o)
 .debug_frame   0x000000000000175c       0x20 /opt/Atollic_TrueSTUDIO_for_STM32_x86_64_9.1.0/ARMTools/bin/../lib/gcc/arm-atollic-eabi/6.3.1/../../../../arm-atollic-eabi/lib/armv7e-m/fpu/fpv5-d16/libnosys.a(isatty.o)
 .debug_frame   0x000000000000177c       0x20 /opt/Atollic_TrueSTUDIO_for_STM32_x86_64_9.1.0/ARMTools/bin/../lib/gcc/arm-atollic-eabi/6.3.1/../../../../arm-atollic-eabi/lib/armv7e-m/fpu/fpv5-d16/libnosys.a(lseek.o)
 .debug_frame   0x000000000000179c       0x20 /opt/Atollic_TrueSTUDIO_for_STM32_x86_64_9.1.0/ARMTools/bin/../lib/gcc/arm-atollic-eabi/6.3.1/../../../../arm-atollic-eabi/lib/armv7e-m/fpu/fpv5-d16/libnosys.a(read.o)
 .debug_frame   0x00000000000017bc       0x20 /opt/Atollic_TrueSTUDIO_for_STM32_x86_64_9.1.0/ARMTools/bin/../lib/gcc/arm-atollic-eabi/6.3.1/../../../../arm-atollic-eabi/lib/armv7e-m/fpu/fpv5-d16/libnosys.a(sbrk.o)

.stab           0x0000000000000000       0x84
 .stab          0x0000000000000000       0x24 /opt/Atollic_TrueSTUDIO_for_STM32_x86_64_9.1.0/ARMTools/bin/../lib/gcc/arm-atollic-eabi/6.3.1/../../../../arm-atollic-eabi/lib/armv7e-m/fpu/fpv5-d16/libnosys.a(close.o)
 .stab          0x0000000000000024       0x18 /opt/Atollic_TrueSTUDIO_for_STM32_x86_64_9.1.0/ARMTools/bin/../lib/gcc/arm-atollic-eabi/6.3.1/../../../../arm-atollic-eabi/lib/armv7e-m/fpu/fpv5-d16/libnosys.a(fstat.o)
                                         0x24 (size before relaxing)
 .stab          0x000000000000003c       0x18 /opt/Atollic_TrueSTUDIO_for_STM32_x86_64_9.1.0/ARMTools/bin/../lib/gcc/arm-atollic-eabi/6.3.1/../../../../arm-atollic-eabi/lib/armv7e-m/fpu/fpv5-d16/libnosys.a(isatty.o)
                                         0x24 (size before relaxing)
 .stab          0x0000000000000054       0x18 /opt/Atollic_TrueSTUDIO_for_STM32_x86_64_9.1.0/ARMTools/bin/../lib/gcc/arm-atollic-eabi/6.3.1/../../../../arm-atollic-eabi/lib/armv7e-m/fpu/fpv5-d16/libnosys.a(lseek.o)
                                         0x24 (size before relaxing)
 .stab          0x000000000000006c       0x18 /opt/Atollic_TrueSTUDIO_for_STM32_x86_64_9.1.0/ARMTools/bin/../lib/gcc/arm-atollic-eabi/6.3.1/../../../../arm-atollic-eabi/lib/armv7e-m/fpu/fpv5-d16/libnosys.a(read.o)
                                         0x24 (size before relaxing)

.stabstr        0x0000000000000000      0x117
 .stabstr       0x0000000000000000      0x117 /opt/Atollic_TrueSTUDIO_for_STM32_x86_64_9.1.0/ARMTools/bin/../lib/gcc/arm-atollic-eabi/6.3.1/../../../../arm-atollic-eabi/lib/armv7e-m/fpu/fpv5-d16/libnosys.a(close.o)
